16-Apr-2026 12:25:06.342 INFO [main] org.apache.catalina.startup.VersionLoggerListener.log 서버 버전 이름:    Apache Tomcat/10.1.54
16-Apr-2026 12:25:06.344 INFO [main] org.apache.catalina.startup.VersionLoggerListener.log Server 빌드 시각:  Mar 30 2026 22:31:53 UTC
16-Apr-2026 12:25:06.345 INFO [main] org.apache.catalina.startup.VersionLoggerListener.log Server 버전 번호:  10.1.54.0
16-Apr-2026 12:25:06.345 INFO [main] org.apache.catalina.startup.VersionLoggerListener.log 운영체제 이름:     Mac OS X
16-Apr-2026 12:25:06.345 INFO [main] org.apache.catalina.startup.VersionLoggerListener.log 운영체제 버전:     26.3.1
16-Apr-2026 12:25:06.345 INFO [main] org.apache.catalina.startup.VersionLoggerListener.log 아키텍처:          aarch64
16-Apr-2026 12:25:06.345 INFO [main] org.apache.catalina.startup.VersionLoggerListener.log 자바 홈:           /Users/sik2/Library/Java/JavaVirtualMachines/openjdk-25.0.1/Contents/Home
16-Apr-2026 12:25:06.345 INFO [main] org.apache.catalina.startup.VersionLoggerListener.log JVM 버전:          25.0.1+8-27
16-Apr-2026 12:25:06.345 INFO [main] org.apache.catalina.startup.VersionLoggerListener.log JVM 벤더:          Oracle Corporation
16-Apr-2026 12:25:06.345 INFO [main] org.apache.catalina.startup.VersionLoggerListener.log CATALINA_BASE:     /Users/sik2/project/grepp/aibe6/p-14485-1
16-Apr-2026 12:25:06.345 INFO [main] org.apache.catalina.startup.VersionLoggerListener.log CATALINA_HOME:     /Users/sik2/project/grepp/aibe6/tomcat/apache-tomcat-10.1.54
16-Apr-2026 12:25:06.354 INFO [main] org.apache.catalina.startup.VersionLoggerListener.log 명령 행 아규먼트:  --add-opens=java.base/java.lang=ALL-UNNAMED
16-Apr-2026 12:25:06.355 INFO [main] org.apache.catalina.startup.VersionLoggerListener.log 명령 행 아규먼트:  --add-opens=java.base/java.io=ALL-UNNAMED
16-Apr-2026 12:25:06.355 INFO [main] org.apache.catalina.startup.VersionLoggerListener.log 명령 행 아규먼트:  --add-opens=java.base/java.util=ALL-UNNAMED
16-Apr-2026 12:25:06.355 INFO [main] org.apache.catalina.startup.VersionLoggerListener.log 명령 행 아규먼트:  --add-opens=java.base/java.util.concurrent=ALL-UNNAMED
16-Apr-2026 12:25:06.355 INFO [main] org.apache.catalina.startup.VersionLoggerListener.log 명령 행 아규먼트:  --add-opens=java.rmi/sun.rmi.transport=ALL-UNNAMED
16-Apr-2026 12:25:06.355 INFO [main] org.apache.catalina.startup.VersionLoggerListener.log 명령 행 아규먼트:  -Dcatalina.home=/Users/sik2/project/grepp/aibe6/tomcat/apache-tomcat-10.1.54
16-Apr-2026 12:25:06.355 INFO [main] org.apache.catalina.startup.VersionLoggerListener.log 명령 행 아규먼트:  -Dcatalina.base=/Users/sik2/project/grepp/aibe6/p-14485-1
16-Apr-2026 12:25:06.355 INFO [main] org.apache.catalina.startup.VersionLoggerListener.log 명령 행 아규먼트:  -Djava.io.tmpdir=/Users/sik2/project/grepp/aibe6/p-14485-1/temp
16-Apr-2026 12:25:06.355 INFO [main] org.apache.catalina.startup.VersionLoggerListener.log 명령 행 아규먼트:  -Djava.util.logging.config.file=/Users/sik2/project/grepp/aibe6/p-14485-1/conf/logging.properties
16-Apr-2026 12:25:06.355 INFO [main] org.apache.catalina.startup.VersionLoggerListener.log 명령 행 아규먼트:  -Djava.util.logging.manager=org.apache.juli.ClassLoaderLogManager
16-Apr-2026 12:25:06.355 INFO [main] org.apache.catalina.startup.VersionLoggerListener.log 명령 행 아규먼트:  -javaagent:/Applications/IntelliJ IDEA.app/Contents/lib/idea_rt.jar=61840
16-Apr-2026 12:25:06.355 INFO [main] org.apache.catalina.startup.VersionLoggerListener.log 명령 행 아규먼트:  -Dfile.encoding=UTF-8
16-Apr-2026 12:25:06.355 INFO [main] org.apache.catalina.startup.VersionLoggerListener.log 명령 행 아규먼트:  -Dsun.stdout.encoding=UTF-8
16-Apr-2026 12:25:06.355 INFO [main] org.apache.catalina.startup.VersionLoggerListener.log 명령 행 아규먼트:  -Dsun.stderr.encoding=UTF-8
16-Apr-2026 12:25:06.365 INFO [main] org.apache.catalina.core.AprLifecycleListener.lifecycleEvent 프로덕션 환경들에서 최적의 성능을 제공하는, APR 기반 Apache Tomcat Native 라이브러리가, 다음 java.library.path에서 발견되지 않습니다: [/Users/sik2/Library/Java/Extensions:/Library/Java/Extensions:/Network/Library/Java/Extensions:/System/Library/Java/Extensions:/usr/lib/java:.]
16-Apr-2026 12:25:06.538 INFO [main] org.apache.coyote.AbstractProtocol.init 프로토콜 핸들러 ["http-nio-8080"]을(를) 초기화합니다.
16-Apr-2026 12:25:06.548 INFO [main] org.apache.catalina.startup.Catalina.load [443] 밀리초 내에 서버가 초기화되었습니다.
16-Apr-2026 12:25:06.590 INFO [main] org.apache.catalina.core.StandardService.startInternal 서비스 [Catalina]을(를) 시작합니다.
16-Apr-2026 12:25:06.590 INFO [main] org.apache.catalina.core.StandardEngine.startInternal 서버 엔진을 시작합니다: [Apache Tomcat/10.1.54]
16-Apr-2026 12:25:06.597 INFO [main] org.apache.catalina.startup.HostConfig.deployDescriptor 배치 descriptor [/Users/sik2/project/grepp/aibe6/p-14485-1/conf/Catalina/localhost/ROOT.xml]을(를) 배치합니다.
16-Apr-2026 12:25:06.877 INFO [main] org.apache.jasper.servlet.TldScanner.scanJars 적어도 하나의 JAR가 TLD들을 찾기 위해 스캔되었으나 아무 것도 찾지 못했습니다. 스캔했으나 TLD가 없는 JAR들의 전체 목록을 보시려면, 로그 레벨을 디버그 레벨로 설정하십시오. 스캔 과정에서 불필요한 JAR들을 건너뛰면, 시스템 시작 시간과 JSP 컴파일 시간을 단축시킬 수 있습니다.
16-Apr-2026 12:25:06.905 INFO [main] org.apache.catalina.startup.HostConfig.deployDescriptor 배치 descriptor [/Users/sik2/project/grepp/aibe6/p-14485-1/conf/Catalina/localhost/ROOT.xml]의 배치가 [305] 밀리초 내에 완료되었습니다.
16-Apr-2026 12:25:06.909 INFO [main] org.apache.coyote.AbstractProtocol.start 프로토콜 핸들러 ["http-nio-8080"]을(를) 시작합니다.
16-Apr-2026 12:25:06.921 INFO [main] org.apache.catalina.startup.Catalina.start 서버가 [372] 밀리초 내에 시작되었습니다.
16-Apr-2026 12:26:08.889 INFO [Thread-1] org.apache.coyote.AbstractProtocol.pause 프로토콜 핸들러 ["http-nio-8080"]을(를) 일시 정지 중
16-Apr-2026 12:26:08.896 INFO [Thread-1] org.apache.catalina.core.StandardService.stopInternal 서비스 [Catalina]을(를) 중지시킵니다.
16-Apr-2026 12:26:08.910 INFO [Thread-1] org.apache.coyote.AbstractProtocol.stop 프로토콜 핸들러 ["http-nio-8080"]을(를) 중지시킵니다.
16-Apr-2026 12:26:08.925 INFO [Thread-1] org.apache.coyote.AbstractProtocol.destroy 프로토콜 핸들러 ["http-nio-8080"]을(를) 소멸시킵니다.
16-Apr-2026 12:26:10.436 INFO [main] org.apache.catalina.startup.VersionLoggerListener.log 서버 버전 이름:    Apache Tomcat/10.1.54
16-Apr-2026 12:26:10.442 INFO [main] org.apache.catalina.startup.VersionLoggerListener.log Server 빌드 시각:  Mar 30 2026 22:31:53 UTC
16-Apr-2026 12:26:10.442 INFO [main] org.apache.catalina.startup.VersionLoggerListener.log Server 버전 번호:  10.1.54.0
16-Apr-2026 12:26:10.442 INFO [main] org.apache.catalina.startup.VersionLoggerListener.log 운영체제 이름:     Mac OS X
16-Apr-2026 12:26:10.442 INFO [main] org.apache.catalina.startup.VersionLoggerListener.log 운영체제 버전:     26.3.1
16-Apr-2026 12:26:10.442 INFO [main] org.apache.catalina.startup.VersionLoggerListener.log 아키텍처:          aarch64
16-Apr-2026 12:26:10.442 INFO [main] org.apache.catalina.startup.VersionLoggerListener.log 자바 홈:           /Users/sik2/Library/Java/JavaVirtualMachines/openjdk-25.0.1/Contents/Home
16-Apr-2026 12:26:10.442 INFO [main] org.apache.catalina.startup.VersionLoggerListener.log JVM 버전:          25.0.1+8-27
16-Apr-2026 12:26:10.442 INFO [main] org.apache.catalina.startup.VersionLoggerListener.log JVM 벤더:          Oracle Corporation
16-Apr-2026 12:26:10.442 INFO [main] org.apache.catalina.startup.VersionLoggerListener.log CATALINA_BASE:     /Users/sik2/project/grepp/aibe6/p-14485-1
16-Apr-2026 12:26:10.442 INFO [main] org.apache.catalina.startup.VersionLoggerListener.log CATALINA_HOME:     /Users/sik2/project/grepp/aibe6/tomcat/apache-tomcat-10.1.54
16-Apr-2026 12:26:10.451 INFO [main] org.apache.catalina.startup.VersionLoggerListener.log 명령 행 아규먼트:  --add-opens=java.base/java.lang=ALL-UNNAMED
16-Apr-2026 12:26:10.451 INFO [main] org.apache.catalina.startup.VersionLoggerListener.log 명령 행 아규먼트:  --add-opens=java.base/java.io=ALL-UNNAMED
16-Apr-2026 12:26:10.451 INFO [main] org.apache.catalina.startup.VersionLoggerListener.log 명령 행 아규먼트:  --add-opens=java.base/java.util=ALL-UNNAMED
16-Apr-2026 12:26:10.452 INFO [main] org.apache.catalina.startup.VersionLoggerListener.log 명령 행 아규먼트:  --add-opens=java.base/java.util.concurrent=ALL-UNNAMED
16-Apr-2026 12:26:10.452 INFO [main] org.apache.catalina.startup.VersionLoggerListener.log 명령 행 아규먼트:  --add-opens=java.rmi/sun.rmi.transport=ALL-UNNAMED
16-Apr-2026 12:26:10.452 INFO [main] org.apache.catalina.startup.VersionLoggerListener.log 명령 행 아규먼트:  -Dcatalina.home=/Users/sik2/project/grepp/aibe6/tomcat/apache-tomcat-10.1.54
16-Apr-2026 12:26:10.452 INFO [main] org.apache.catalina.startup.VersionLoggerListener.log 명령 행 아규먼트:  -Dcatalina.base=/Users/sik2/project/grepp/aibe6/p-14485-1
16-Apr-2026 12:26:10.457 INFO [main] org.apache.catalina.startup.VersionLoggerListener.log 명령 행 아규먼트:  -Djava.io.tmpdir=/Users/sik2/project/grepp/aibe6/p-14485-1/temp
16-Apr-2026 12:26:10.465 INFO [main] org.apache.catalina.startup.VersionLoggerListener.log 명령 행 아규먼트:  -Djava.util.logging.config.file=/Users/sik2/project/grepp/aibe6/p-14485-1/conf/logging.properties
16-Apr-2026 12:26:10.466 INFO [main] org.apache.catalina.startup.VersionLoggerListener.log 명령 행 아규먼트:  -Djava.util.logging.manager=org.apache.juli.ClassLoaderLogManager
16-Apr-2026 12:26:10.466 INFO [main] org.apache.catalina.startup.VersionLoggerListener.log 명령 행 아규먼트:  -javaagent:/Applications/IntelliJ IDEA.app/Contents/lib/idea_rt.jar=61864
16-Apr-2026 12:26:10.466 INFO [main] org.apache.catalina.startup.VersionLoggerListener.log 명령 행 아규먼트:  -Dfile.encoding=UTF-8
16-Apr-2026 12:26:10.466 INFO [main] org.apache.catalina.startup.VersionLoggerListener.log 명령 행 아규먼트:  -Dsun.stdout.encoding=UTF-8
16-Apr-2026 12:26:10.467 INFO [main] org.apache.catalina.startup.VersionLoggerListener.log 명령 행 아규먼트:  -Dsun.stderr.encoding=UTF-8
16-Apr-2026 12:26:10.477 INFO [main] org.apache.catalina.core.AprLifecycleListener.lifecycleEvent 프로덕션 환경들에서 최적의 성능을 제공하는, APR 기반 Apache Tomcat Native 라이브러리가, 다음 java.library.path에서 발견되지 않습니다: [/Users/sik2/Library/Java/Extensions:/Library/Java/Extensions:/Network/Library/Java/Extensions:/System/Library/Java/Extensions:/usr/lib/java:.]
16-Apr-2026 12:26:11.337 INFO [main] org.apache.coyote.AbstractProtocol.init 프로토콜 핸들러 ["http-nio-8080"]을(를) 초기화합니다.
16-Apr-2026 12:26:11.362 INFO [main] org.apache.catalina.startup.Catalina.load [1069] 밀리초 내에 서버가 초기화되었습니다.
16-Apr-2026 12:26:11.413 INFO [main] org.apache.catalina.core.StandardService.startInternal 서비스 [Catalina]을(를) 시작합니다.
16-Apr-2026 12:26:11.413 INFO [main] org.apache.catalina.core.StandardEngine.startInternal 서버 엔진을 시작합니다: [Apache Tomcat/10.1.54]
16-Apr-2026 12:26:11.430 INFO [main] org.apache.catalina.startup.HostConfig.deployDescriptor 배치 descriptor [/Users/sik2/project/grepp/aibe6/p-14485-1/conf/Catalina/localhost/ROOT.xml]을(를) 배치합니다.
16-Apr-2026 12:26:11.953 INFO [main] org.apache.jasper.servlet.TldScanner.scanJars 적어도 하나의 JAR가 TLD들을 찾기 위해 스캔되었으나 아무 것도 찾지 못했습니다. 스캔했으나 TLD가 없는 JAR들의 전체 목록을 보시려면, 로그 레벨을 디버그 레벨로 설정하십시오. 스캔 과정에서 불필요한 JAR들을 건너뛰면, 시스템 시작 시간과 JSP 컴파일 시간을 단축시킬 수 있습니다.
16-Apr-2026 12:26:12.026 INFO [main] org.apache.catalina.startup.HostConfig.deployDescriptor 배치 descriptor [/Users/sik2/project/grepp/aibe6/p-14485-1/conf/Catalina/localhost/ROOT.xml]의 배치가 [589] 밀리초 내에 완료되었습니다.
16-Apr-2026 12:26:12.033 INFO [main] org.apache.coyote.AbstractProtocol.start 프로토콜 핸들러 ["http-nio-8080"]을(를) 시작합니다.
16-Apr-2026 12:26:12.052 INFO [main] org.apache.catalina.startup.Catalina.start 서버가 [687] 밀리초 내에 시작되었습니다.
16-Apr-2026 12:38:29.697 INFO [Thread-1] org.apache.coyote.AbstractProtocol.pause 프로토콜 핸들러 ["http-nio-8080"]을(를) 일시 정지 중
16-Apr-2026 12:38:29.707 INFO [Thread-1] org.apache.catalina.core.StandardService.stopInternal 서비스 [Catalina]을(를) 중지시킵니다.
16-Apr-2026 12:38:29.729 INFO [Thread-1] org.apache.coyote.AbstractProtocol.stop 프로토콜 핸들러 ["http-nio-8080"]을(를) 중지시킵니다.
16-Apr-2026 12:38:29.752 INFO [Thread-1] org.apache.coyote.AbstractProtocol.destroy 프로토콜 핸들러 ["http-nio-8080"]을(를) 소멸시킵니다.
16-Apr-2026 12:38:31.343 INFO [main] org.apache.catalina.startup.VersionLoggerListener.log 서버 버전 이름:    Apache Tomcat/10.1.54
16-Apr-2026 12:38:31.347 INFO [main] org.apache.catalina.startup.VersionLoggerListener.log Server 빌드 시각:  Mar 30 2026 22:31:53 UTC
16-Apr-2026 12:38:31.347 INFO [main] org.apache.catalina.startup.VersionLoggerListener.log Server 버전 번호:  10.1.54.0
16-Apr-2026 12:38:31.347 INFO [main] org.apache.catalina.startup.VersionLoggerListener.log 운영체제 이름:     Mac OS X
16-Apr-2026 12:38:31.347 INFO [main] org.apache.catalina.startup.VersionLoggerListener.log 운영체제 버전:     26.3.1
16-Apr-2026 12:38:31.350 INFO [main] org.apache.catalina.startup.VersionLoggerListener.log 아키텍처:          aarch64
16-Apr-2026 12:38:31.350 INFO [main] org.apache.catalina.startup.VersionLoggerListener.log 자바 홈:           /Users/sik2/Library/Java/JavaVirtualMachines/openjdk-25.0.1/Contents/Home
16-Apr-2026 12:38:31.350 INFO [main] org.apache.catalina.startup.VersionLoggerListener.log JVM 버전:          25.0.1+8-27
16-Apr-2026 12:38:31.350 INFO [main] org.apache.catalina.startup.VersionLoggerListener.log JVM 벤더:          Oracle Corporation
16-Apr-2026 12:38:31.350 INFO [main] org.apache.catalina.startup.VersionLoggerListener.log CATALINA_BASE:     /Users/sik2/project/grepp/aibe6/p-14485-1
16-Apr-2026 12:38:31.350 INFO [main] org.apache.catalina.startup.VersionLoggerListener.log CATALINA_HOME:     /Users/sik2/project/grepp/aibe6/tomcat/apache-tomcat-10.1.54
16-Apr-2026 12:38:31.363 INFO [main] org.apache.catalina.startup.VersionLoggerListener.log 명령 행 아규먼트:  --add-opens=java.base/java.lang=ALL-UNNAMED
16-Apr-2026 12:38:31.363 INFO [main] org.apache.catalina.startup.VersionLoggerListener.log 명령 행 아규먼트:  --add-opens=java.base/java.io=ALL-UNNAMED
16-Apr-2026 12:38:31.364 INFO [main] org.apache.catalina.startup.VersionLoggerListener.log 명령 행 아규먼트:  --add-opens=java.base/java.util=ALL-UNNAMED
16-Apr-2026 12:38:31.364 INFO [main] org.apache.catalina.startup.VersionLoggerListener.log 명령 행 아규먼트:  --add-opens=java.base/java.util.concurrent=ALL-UNNAMED
16-Apr-2026 12:38:31.364 INFO [main] org.apache.catalina.startup.VersionLoggerListener.log 명령 행 아규먼트:  --add-opens=java.rmi/sun.rmi.transport=ALL-UNNAMED
16-Apr-2026 12:38:31.364 INFO [main] org.apache.catalina.startup.VersionLoggerListener.log 명령 행 아규먼트:  -Dcatalina.home=/Users/sik2/project/grepp/aibe6/tomcat/apache-tomcat-10.1.54
16-Apr-2026 12:38:31.364 INFO [main] org.apache.catalina.startup.VersionLoggerListener.log 명령 행 아규먼트:  -Dcatalina.base=/Users/sik2/project/grepp/aibe6/p-14485-1
16-Apr-2026 12:38:31.364 INFO [main] org.apache.catalina.startup.VersionLoggerListener.log 명령 행 아규먼트:  -Djava.io.tmpdir=/Users/sik2/project/grepp/aibe6/p-14485-1/temp
16-Apr-2026 12:38:31.364 INFO [main] org.apache.catalina.startup.VersionLoggerListener.log 명령 행 아규먼트:  -Djava.util.logging.config.file=/Users/sik2/project/grepp/aibe6/p-14485-1/conf/logging.properties
16-Apr-2026 12:38:31.364 INFO [main] org.apache.catalina.startup.VersionLoggerListener.log 명령 행 아규먼트:  -Djava.util.logging.manager=org.apache.juli.ClassLoaderLogManager
16-Apr-2026 12:38:31.364 INFO [main] org.apache.catalina.startup.VersionLoggerListener.log 명령 행 아규먼트:  -javaagent:/Applications/IntelliJ IDEA.app/Contents/lib/idea_rt.jar=62455
16-Apr-2026 12:38:31.364 INFO [main] org.apache.catalina.startup.VersionLoggerListener.log 명령 행 아규먼트:  -Dfile.encoding=UTF-8
16-Apr-2026 12:38:31.364 INFO [main] org.apache.catalina.startup.VersionLoggerListener.log 명령 행 아규먼트:  -Dsun.stdout.encoding=UTF-8
16-Apr-2026 12:38:31.364 INFO [main] org.apache.catalina.startup.VersionLoggerListener.log 명령 행 아규먼트:  -Dsun.stderr.encoding=UTF-8
16-Apr-2026 12:38:31.373 INFO [main] org.apache.catalina.core.AprLifecycleListener.lifecycleEvent 프로덕션 환경들에서 최적의 성능을 제공하는, APR 기반 Apache Tomcat Native 라이브러리가, 다음 java.library.path에서 발견되지 않습니다: [/Users/sik2/Library/Java/Extensions:/Library/Java/Extensions:/Network/Library/Java/Extensions:/System/Library/Java/Extensions:/usr/lib/java:.]
16-Apr-2026 12:38:31.892 INFO [main] org.apache.coyote.AbstractProtocol.init 프로토콜 핸들러 ["http-nio-8080"]을(를) 초기화합니다.
16-Apr-2026 12:38:31.960 INFO [main] org.apache.catalina.startup.Catalina.load [893] 밀리초 내에 서버가 초기화되었습니다.
16-Apr-2026 12:38:31.995 INFO [main] org.apache.catalina.core.StandardService.startInternal 서비스 [Catalina]을(를) 시작합니다.
16-Apr-2026 12:38:31.995 INFO [main] org.apache.catalina.core.StandardEngine.startInternal 서버 엔진을 시작합니다: [Apache Tomcat/10.1.54]
16-Apr-2026 12:38:32.002 INFO [main] org.apache.catalina.startup.HostConfig.deployDescriptor 배치 descriptor [/Users/sik2/project/grepp/aibe6/p-14485-1/conf/Catalina/localhost/ROOT.xml]을(를) 배치합니다.
16-Apr-2026 12:38:32.378 INFO [main] org.apache.jasper.servlet.TldScanner.scanJars 적어도 하나의 JAR가 TLD들을 찾기 위해 스캔되었으나 아무 것도 찾지 못했습니다. 스캔했으나 TLD가 없는 JAR들의 전체 목록을 보시려면, 로그 레벨을 디버그 레벨로 설정하십시오. 스캔 과정에서 불필요한 JAR들을 건너뛰면, 시스템 시작 시간과 JSP 컴파일 시간을 단축시킬 수 있습니다.
16-Apr-2026 12:38:32.404 INFO [main] org.apache.catalina.startup.HostConfig.deployDescriptor 배치 descriptor [/Users/sik2/project/grepp/aibe6/p-14485-1/conf/Catalina/localhost/ROOT.xml]의 배치가 [398] 밀리초 내에 완료되었습니다.
16-Apr-2026 12:38:32.410 INFO [main] org.apache.coyote.AbstractProtocol.start 프로토콜 핸들러 ["http-nio-8080"]을(를) 시작합니다.
16-Apr-2026 12:38:32.420 INFO [main] org.apache.catalina.startup.Catalina.start 서버가 [459] 밀리초 내에 시작되었습니다.
16-Apr-2026 12:38:46.937 INFO [Thread-1] org.apache.coyote.AbstractProtocol.pause 프로토콜 핸들러 ["http-nio-8080"]을(를) 일시 정지 중
16-Apr-2026 12:38:46.948 INFO [Thread-1] org.apache.catalina.core.StandardService.stopInternal 서비스 [Catalina]을(를) 중지시킵니다.
16-Apr-2026 12:38:46.962 INFO [Thread-1] org.apache.coyote.AbstractProtocol.stop 프로토콜 핸들러 ["http-nio-8080"]을(를) 중지시킵니다.
16-Apr-2026 12:38:46.976 INFO [Thread-1] org.apache.coyote.AbstractProtocol.destroy 프로토콜 핸들러 ["http-nio-8080"]을(를) 소멸시킵니다.
16-Apr-2026 12:38:48.518 INFO [main] org.apache.catalina.startup.VersionLoggerListener.log 서버 버전 이름:    Apache Tomcat/10.1.54
16-Apr-2026 12:38:48.521 INFO [main] org.apache.catalina.startup.VersionLoggerListener.log Server 빌드 시각:  Mar 30 2026 22:31:53 UTC
16-Apr-2026 12:38:48.521 INFO [main] org.apache.catalina.startup.VersionLoggerListener.log Server 버전 번호:  10.1.54.0
16-Apr-2026 12:38:48.521 INFO [main] org.apache.catalina.startup.VersionLoggerListener.log 운영체제 이름:     Mac OS X
16-Apr-2026 12:38:48.521 INFO [main] org.apache.catalina.startup.VersionLoggerListener.log 운영체제 버전:     26.3.1
16-Apr-2026 12:38:48.522 INFO [main] org.apache.catalina.startup.VersionLoggerListener.log 아키텍처:          aarch64
16-Apr-2026 12:38:48.522 INFO [main] org.apache.catalina.startup.VersionLoggerListener.log 자바 홈:           /Users/sik2/Library/Java/JavaVirtualMachines/openjdk-25.0.1/Contents/Home
16-Apr-2026 12:38:48.522 INFO [main] org.apache.catalina.startup.VersionLoggerListener.log JVM 버전:          25.0.1+8-27
16-Apr-2026 12:38:48.522 INFO [main] org.apache.catalina.startup.VersionLoggerListener.log JVM 벤더:          Oracle Corporation
16-Apr-2026 12:38:48.522 INFO [main] org.apache.catalina.startup.VersionLoggerListener.log CATALINA_BASE:     /Users/sik2/project/grepp/aibe6/p-14485-1
16-Apr-2026 12:38:48.522 INFO [main] org.apache.catalina.startup.VersionLoggerListener.log CATALINA_HOME:     /Users/sik2/project/grepp/aibe6/tomcat/apache-tomcat-10.1.54
16-Apr-2026 12:38:48.554 INFO [main] org.apache.catalina.startup.VersionLoggerListener.log 명령 행 아규먼트:  --add-opens=java.base/java.lang=ALL-UNNAMED
16-Apr-2026 12:38:48.554 INFO [main] org.apache.catalina.startup.VersionLoggerListener.log 명령 행 아규먼트:  --add-opens=java.base/java.io=ALL-UNNAMED
16-Apr-2026 12:38:48.554 INFO [main] org.apache.catalina.startup.VersionLoggerListener.log 명령 행 아규먼트:  --add-opens=java.base/java.util=ALL-UNNAMED
16-Apr-2026 12:38:48.555 INFO [main] org.apache.catalina.startup.VersionLoggerListener.log 명령 행 아규먼트:  --add-opens=java.base/java.util.concurrent=ALL-UNNAMED
16-Apr-2026 12:38:48.555 INFO [main] org.apache.catalina.startup.VersionLoggerListener.log 명령 행 아규먼트:  --add-opens=java.rmi/sun.rmi.transport=ALL-UNNAMED
16-Apr-2026 12:38:48.556 INFO [main] org.apache.catalina.startup.VersionLoggerListener.log 명령 행 아규먼트:  -Dcatalina.home=/Users/sik2/project/grepp/aibe6/tomcat/apache-tomcat-10.1.54
16-Apr-2026 12:38:48.556 INFO [main] org.apache.catalina.startup.VersionLoggerListener.log 명령 행 아규먼트:  -Dcatalina.base=/Users/sik2/project/grepp/aibe6/p-14485-1
16-Apr-2026 12:38:48.556 INFO [main] org.apache.catalina.startup.VersionLoggerListener.log 명령 행 아규먼트:  -Djava.io.tmpdir=/Users/sik2/project/grepp/aibe6/p-14485-1/temp
16-Apr-2026 12:38:48.556 INFO [main] org.apache.catalina.startup.VersionLoggerListener.log 명령 행 아규먼트:  -Djava.util.logging.config.file=/Users/sik2/project/grepp/aibe6/p-14485-1/conf/logging.properties
16-Apr-2026 12:38:48.556 INFO [main] org.apache.catalina.startup.VersionLoggerListener.log 명령 행 아규먼트:  -Djava.util.logging.manager=org.apache.juli.ClassLoaderLogManager
16-Apr-2026 12:38:48.556 INFO [main] org.apache.catalina.startup.VersionLoggerListener.log 명령 행 아규먼트:  -javaagent:/Applications/IntelliJ IDEA.app/Contents/lib/idea_rt.jar=62464
16-Apr-2026 12:38:48.556 INFO [main] org.apache.catalina.startup.VersionLoggerListener.log 명령 행 아규먼트:  -Dfile.encoding=UTF-8
16-Apr-2026 12:38:48.556 INFO [main] org.apache.catalina.startup.VersionLoggerListener.log 명령 행 아규먼트:  -Dsun.stdout.encoding=UTF-8
16-Apr-2026 12:38:48.556 INFO [main] org.apache.catalina.startup.VersionLoggerListener.log 명령 행 아규먼트:  -Dsun.stderr.encoding=UTF-8
16-Apr-2026 12:38:48.563 INFO [main] org.apache.catalina.core.AprLifecycleListener.lifecycleEvent 프로덕션 환경들에서 최적의 성능을 제공하는, APR 기반 Apache Tomcat Native 라이브러리가, 다음 java.library.path에서 발견되지 않습니다: [/Users/sik2/Library/Java/Extensions:/Library/Java/Extensions:/Network/Library/Java/Extensions:/System/Library/Java/Extensions:/usr/lib/java:.]
16-Apr-2026 12:38:49.095 INFO [main] org.apache.coyote.AbstractProtocol.init 프로토콜 핸들러 ["http-nio-8080"]을(를) 초기화합니다.
16-Apr-2026 12:38:49.116 INFO [main] org.apache.catalina.startup.Catalina.load [860] 밀리초 내에 서버가 초기화되었습니다.
16-Apr-2026 12:38:49.180 INFO [main] org.apache.catalina.core.StandardService.startInternal 서비스 [Catalina]을(를) 시작합니다.
16-Apr-2026 12:38:49.181 INFO [main] org.apache.catalina.core.StandardEngine.startInternal 서버 엔진을 시작합니다: [Apache Tomcat/10.1.54]
16-Apr-2026 12:38:49.192 INFO [main] org.apache.catalina.startup.HostConfig.deployDescriptor 배치 descriptor [/Users/sik2/project/grepp/aibe6/p-14485-1/conf/Catalina/localhost/ROOT.xml]을(를) 배치합니다.
16-Apr-2026 12:38:49.519 INFO [main] org.apache.jasper.servlet.TldScanner.scanJars 적어도 하나의 JAR가 TLD들을 찾기 위해 스캔되었으나 아무 것도 찾지 못했습니다. 스캔했으나 TLD가 없는 JAR들의 전체 목록을 보시려면, 로그 레벨을 디버그 레벨로 설정하십시오. 스캔 과정에서 불필요한 JAR들을 건너뛰면, 시스템 시작 시간과 JSP 컴파일 시간을 단축시킬 수 있습니다.
16-Apr-2026 12:38:49.555 INFO [main] org.apache.catalina.startup.HostConfig.deployDescriptor 배치 descriptor [/Users/sik2/project/grepp/aibe6/p-14485-1/conf/Catalina/localhost/ROOT.xml]의 배치가 [353] 밀리초 내에 완료되었습니다.
16-Apr-2026 12:38:49.559 INFO [main] org.apache.coyote.AbstractProtocol.start 프로토콜 핸들러 ["http-nio-8080"]을(를) 시작합니다.
16-Apr-2026 12:38:49.569 INFO [main] org.apache.catalina.startup.Catalina.start 서버가 [451] 밀리초 내에 시작되었습니다.
16-Apr-2026 14:27:23.628 INFO [Thread-1] org.apache.coyote.AbstractProtocol.pause 프로토콜 핸들러 ["http-nio-8080"]을(를) 일시 정지 중
16-Apr-2026 14:27:23.636 INFO [Thread-1] org.apache.catalina.core.StandardService.stopInternal 서비스 [Catalina]을(를) 중지시킵니다.
16-Apr-2026 14:27:23.648 INFO [Thread-1] org.apache.coyote.AbstractProtocol.stop 프로토콜 핸들러 ["http-nio-8080"]을(를) 중지시킵니다.
16-Apr-2026 14:27:23.662 INFO [Thread-1] org.apache.coyote.AbstractProtocol.destroy 프로토콜 핸들러 ["http-nio-8080"]을(를) 소멸시킵니다.
16-Apr-2026 14:33:25.631 정보 [main] org.apache.catalina.startup.VersionLoggerListener.log 서버 버전 이름:    Apache Tomcat/10.1.54
16-Apr-2026 14:33:25.639 정보 [main] org.apache.catalina.startup.VersionLoggerListener.log Server 빌드 시각:  Mar 30 2026 22:31:53 UTC
16-Apr-2026 14:33:25.640 정보 [main] org.apache.catalina.startup.VersionLoggerListener.log Server 버전 번호:  10.1.54.0
16-Apr-2026 14:33:25.640 정보 [main] org.apache.catalina.startup.VersionLoggerListener.log 운영체제 이름:     Mac OS X
16-Apr-2026 14:33:25.640 정보 [main] org.apache.catalina.startup.VersionLoggerListener.log 운영체제 버전:     26.3.1
16-Apr-2026 14:33:25.640 정보 [main] org.apache.catalina.startup.VersionLoggerListener.log 아키텍처:          aarch64
16-Apr-2026 14:33:25.640 정보 [main] org.apache.catalina.startup.VersionLoggerListener.log 자바 홈:           /Users/sik2/Library/Java/JavaVirtualMachines/corretto-21.0.8/Contents/Home
16-Apr-2026 14:33:25.640 정보 [main] org.apache.catalina.startup.VersionLoggerListener.log JVM 버전:          21.0.8+9-LTS
16-Apr-2026 14:33:25.640 정보 [main] org.apache.catalina.startup.VersionLoggerListener.log JVM 벤더:          Amazon.com Inc.
16-Apr-2026 14:33:25.640 정보 [main] org.apache.catalina.startup.VersionLoggerListener.log CATALINA_BASE:     /Users/sik2/project/grepp/aibe6/p-14485-1
16-Apr-2026 14:33:25.640 정보 [main] org.apache.catalina.startup.VersionLoggerListener.log CATALINA_HOME:     /Users/sik2/project/grepp/aibe6/tomcat/apache-tomcat-10.1.54
16-Apr-2026 14:33:25.647 정보 [main] org.apache.catalina.startup.VersionLoggerListener.log 명령 행 아규먼트:  --add-opens=java.base/java.lang=ALL-UNNAMED
16-Apr-2026 14:33:25.647 정보 [main] org.apache.catalina.startup.VersionLoggerListener.log 명령 행 아규먼트:  --add-opens=java.base/java.io=ALL-UNNAMED
16-Apr-2026 14:33:25.648 정보 [main] org.apache.catalina.startup.VersionLoggerListener.log 명령 행 아규먼트:  --add-opens=java.base/java.util=ALL-UNNAMED
16-Apr-2026 14:33:25.648 정보 [main] org.apache.catalina.startup.VersionLoggerListener.log 명령 행 아규먼트:  --add-opens=java.base/java.util.concurrent=ALL-UNNAMED
16-Apr-2026 14:33:25.648 정보 [main] org.apache.catalina.startup.VersionLoggerListener.log 명령 행 아규먼트:  --add-opens=java.rmi/sun.rmi.transport=ALL-UNNAMED
16-Apr-2026 14:33:25.648 정보 [main] org.apache.catalina.startup.VersionLoggerListener.log 명령 행 아규먼트:  -Dcatalina.home=/Users/sik2/project/grepp/aibe6/tomcat/apache-tomcat-10.1.54
16-Apr-2026 14:33:25.648 정보 [main] org.apache.catalina.startup.VersionLoggerListener.log 명령 행 아규먼트:  -Dcatalina.base=/Users/sik2/project/grepp/aibe6/p-14485-1
16-Apr-2026 14:33:25.648 정보 [main] org.apache.catalina.startup.VersionLoggerListener.log 명령 행 아규먼트:  -Djava.io.tmpdir=/Users/sik2/project/grepp/aibe6/p-14485-1/temp
16-Apr-2026 14:33:25.648 정보 [main] org.apache.catalina.startup.VersionLoggerListener.log 명령 행 아규먼트:  -Djava.util.logging.config.file=/Users/sik2/project/grepp/aibe6/p-14485-1/conf/logging.properties
16-Apr-2026 14:33:25.648 정보 [main] org.apache.catalina.startup.VersionLoggerListener.log 명령 행 아규먼트:  -Djava.util.logging.manager=org.apache.juli.ClassLoaderLogManager
16-Apr-2026 14:33:25.648 정보 [main] org.apache.catalina.startup.VersionLoggerListener.log 명령 행 아규먼트:  -javaagent:/Applications/IntelliJ IDEA.app/Contents/lib/idea_rt.jar=63686
16-Apr-2026 14:33:25.648 정보 [main] org.apache.catalina.startup.VersionLoggerListener.log 명령 행 아규먼트:  -Dfile.encoding=UTF-8
16-Apr-2026 14:33:25.648 정보 [main] org.apache.catalina.startup.VersionLoggerListener.log 명령 행 아규먼트:  -Dsun.stdout.encoding=UTF-8
16-Apr-2026 14:33:25.648 정보 [main] org.apache.catalina.startup.VersionLoggerListener.log 명령 행 아규먼트:  -Dsun.stderr.encoding=UTF-8
16-Apr-2026 14:33:25.655 정보 [main] org.apache.catalina.core.AprLifecycleListener.lifecycleEvent 프로덕션 환경들에서 최적의 성능을 제공하는, APR 기반 Apache Tomcat Native 라이브러리가, 다음 java.library.path에서 발견되지 않습니다: [/Users/sik2/Library/Java/Extensions:/Library/Java/Extensions:/Network/Library/Java/Extensions:/System/Library/Java/Extensions:/usr/lib/java:.]
16-Apr-2026 14:33:25.879 정보 [main] org.apache.coyote.AbstractProtocol.init 프로토콜 핸들러 ["http-nio-8080"]을(를) 초기화합니다.
16-Apr-2026 14:33:25.895 정보 [main] org.apache.catalina.startup.Catalina.load [442] 밀리초 내에 서버가 초기화되었습니다.
16-Apr-2026 14:33:25.937 정보 [main] org.apache.catalina.core.StandardService.startInternal 서비스 [Catalina]을(를) 시작합니다.
16-Apr-2026 14:33:25.938 정보 [main] org.apache.catalina.core.StandardEngine.startInternal 서버 엔진을 시작합니다: [Apache Tomcat/10.1.54]
16-Apr-2026 14:33:25.943 정보 [main] org.apache.catalina.startup.HostConfig.deployDescriptor 배치 descriptor [/Users/sik2/project/grepp/aibe6/p-14485-1/conf/Catalina/localhost/ROOT.xml]을(를) 배치합니다.
16-Apr-2026 14:33:26.148 정보 [main] org.apache.jasper.servlet.TldScanner.scanJars 적어도 하나의 JAR가 TLD들을 찾기 위해 스캔되었으나 아무 것도 찾지 못했습니다. 스캔했으나 TLD가 없는 JAR들의 전체 목록을 보시려면, 로그 레벨을 디버그 레벨로 설정하십시오. 스캔 과정에서 불필요한 JAR들을 건너뛰면, 시스템 시작 시간과 JSP 컴파일 시간을 단축시킬 수 있습니다.
16-Apr-2026 14:33:26.174 정보 [main] org.apache.catalina.startup.HostConfig.deployDescriptor 배치 descriptor [/Users/sik2/project/grepp/aibe6/p-14485-1/conf/Catalina/localhost/ROOT.xml]의 배치가 [228] 밀리초 내에 완료되었습니다.
16-Apr-2026 14:33:26.181 정보 [main] org.apache.coyote.AbstractProtocol.start 프로토콜 핸들러 ["http-nio-8080"]을(를) 시작합니다.
16-Apr-2026 14:33:26.197 정보 [main] org.apache.catalina.startup.Catalina.start 서버가 [300] 밀리초 내에 시작되었습니다.
16-Apr-2026 14:35:36.693 정보 [Thread-1] org.apache.coyote.AbstractProtocol.pause 프로토콜 핸들러 ["http-nio-8080"]을(를) 일시 정지 중
16-Apr-2026 14:35:36.698 정보 [Thread-1] org.apache.catalina.core.StandardService.stopInternal 서비스 [Catalina]을(를) 중지시킵니다.
16-Apr-2026 14:35:36.729 정보 [Thread-1] org.apache.coyote.AbstractProtocol.stop 프로토콜 핸들러 ["http-nio-8080"]을(를) 중지시킵니다.
16-Apr-2026 14:35:36.735 정보 [Thread-1] org.apache.coyote.AbstractProtocol.destroy 프로토콜 핸들러 ["http-nio-8080"]을(를) 소멸시킵니다.
16-Apr-2026 14:35:37.810 정보 [main] org.apache.catalina.startup.VersionLoggerListener.log 서버 버전 이름:    Apache Tomcat/10.1.54
16-Apr-2026 14:35:37.819 정보 [main] org.apache.catalina.startup.VersionLoggerListener.log Server 빌드 시각:  Mar 30 2026 22:31:53 UTC
16-Apr-2026 14:35:37.819 정보 [main] org.apache.catalina.startup.VersionLoggerListener.log Server 버전 번호:  10.1.54.0
16-Apr-2026 14:35:37.821 정보 [main] org.apache.catalina.startup.VersionLoggerListener.log 운영체제 이름:     Mac OS X
16-Apr-2026 14:35:37.821 정보 [main] org.apache.catalina.startup.VersionLoggerListener.log 운영체제 버전:     26.3.1
16-Apr-2026 14:35:37.821 정보 [main] org.apache.catalina.startup.VersionLoggerListener.log 아키텍처:          aarch64
16-Apr-2026 14:35:37.821 정보 [main] org.apache.catalina.startup.VersionLoggerListener.log 자바 홈:           /Users/sik2/Library/Java/JavaVirtualMachines/corretto-21.0.8/Contents/Home
16-Apr-2026 14:35:37.824 정보 [main] org.apache.catalina.startup.VersionLoggerListener.log JVM 버전:          21.0.8+9-LTS
16-Apr-2026 14:35:37.825 정보 [main] org.apache.catalina.startup.VersionLoggerListener.log JVM 벤더:          Amazon.com Inc.
16-Apr-2026 14:35:37.825 정보 [main] org.apache.catalina.startup.VersionLoggerListener.log CATALINA_BASE:     /Users/sik2/project/grepp/aibe6/p-14485-1
16-Apr-2026 14:35:37.825 정보 [main] org.apache.catalina.startup.VersionLoggerListener.log CATALINA_HOME:     /Users/sik2/project/grepp/aibe6/tomcat/apache-tomcat-10.1.54
16-Apr-2026 14:35:37.832 정보 [main] org.apache.catalina.startup.VersionLoggerListener.log 명령 행 아규먼트:  --add-opens=java.base/java.lang=ALL-UNNAMED
16-Apr-2026 14:35:37.832 정보 [main] org.apache.catalina.startup.VersionLoggerListener.log 명령 행 아규먼트:  --add-opens=java.base/java.io=ALL-UNNAMED
16-Apr-2026 14:35:37.833 정보 [main] org.apache.catalina.startup.VersionLoggerListener.log 명령 행 아규먼트:  --add-opens=java.base/java.util=ALL-UNNAMED
16-Apr-2026 14:35:37.833 정보 [main] org.apache.catalina.startup.VersionLoggerListener.log 명령 행 아규먼트:  --add-opens=java.base/java.util.concurrent=ALL-UNNAMED
16-Apr-2026 14:35:37.833 정보 [main] org.apache.catalina.startup.VersionLoggerListener.log 명령 행 아규먼트:  --add-opens=java.rmi/sun.rmi.transport=ALL-UNNAMED
16-Apr-2026 14:35:37.833 정보 [main] org.apache.catalina.startup.VersionLoggerListener.log 명령 행 아규먼트:  -Dcatalina.home=/Users/sik2/project/grepp/aibe6/tomcat/apache-tomcat-10.1.54
16-Apr-2026 14:35:37.835 정보 [main] org.apache.catalina.startup.VersionLoggerListener.log 명령 행 아규먼트:  -Dcatalina.base=/Users/sik2/project/grepp/aibe6/p-14485-1
16-Apr-2026 14:35:37.835 정보 [main] org.apache.catalina.startup.VersionLoggerListener.log 명령 행 아규먼트:  -Djava.io.tmpdir=/Users/sik2/project/grepp/aibe6/p-14485-1/temp
16-Apr-2026 14:35:37.835 정보 [main] org.apache.catalina.startup.VersionLoggerListener.log 명령 행 아규먼트:  -Djava.util.logging.config.file=/Users/sik2/project/grepp/aibe6/p-14485-1/conf/logging.properties
16-Apr-2026 14:35:37.835 정보 [main] org.apache.catalina.startup.VersionLoggerListener.log 명령 행 아규먼트:  -Djava.util.logging.manager=org.apache.juli.ClassLoaderLogManager
16-Apr-2026 14:35:37.835 정보 [main] org.apache.catalina.startup.VersionLoggerListener.log 명령 행 아규먼트:  -javaagent:/Applications/IntelliJ IDEA.app/Contents/lib/idea_rt.jar=63759
16-Apr-2026 14:35:37.835 정보 [main] org.apache.catalina.startup.VersionLoggerListener.log 명령 행 아규먼트:  -Dfile.encoding=UTF-8
16-Apr-2026 14:35:37.835 정보 [main] org.apache.catalina.startup.VersionLoggerListener.log 명령 행 아규먼트:  -Dsun.stdout.encoding=UTF-8
16-Apr-2026 14:35:37.835 정보 [main] org.apache.catalina.startup.VersionLoggerListener.log 명령 행 아규먼트:  -Dsun.stderr.encoding=UTF-8
16-Apr-2026 14:35:37.848 정보 [main] org.apache.catalina.core.AprLifecycleListener.lifecycleEvent 프로덕션 환경들에서 최적의 성능을 제공하는, APR 기반 Apache Tomcat Native 라이브러리가, 다음 java.library.path에서 발견되지 않습니다: [/Users/sik2/Library/Java/Extensions:/Library/Java/Extensions:/Network/Library/Java/Extensions:/System/Library/Java/Extensions:/usr/lib/java:.]
16-Apr-2026 14:35:38.210 정보 [main] org.apache.coyote.AbstractProtocol.init 프로토콜 핸들러 ["http-nio-8080"]을(를) 초기화합니다.
16-Apr-2026 14:35:38.229 정보 [main] org.apache.catalina.startup.Catalina.load [633] 밀리초 내에 서버가 초기화되었습니다.
16-Apr-2026 14:35:38.278 정보 [main] org.apache.catalina.core.StandardService.startInternal 서비스 [Catalina]을(를) 시작합니다.
16-Apr-2026 14:35:38.278 정보 [main] org.apache.catalina.core.StandardEngine.startInternal 서버 엔진을 시작합니다: [Apache Tomcat/10.1.54]
16-Apr-2026 14:35:38.290 정보 [main] org.apache.catalina.startup.HostConfig.deployDescriptor 배치 descriptor [/Users/sik2/project/grepp/aibe6/p-14485-1/conf/Catalina/localhost/ROOT.xml]을(를) 배치합니다.
16-Apr-2026 14:35:38.582 정보 [main] org.apache.jasper.servlet.TldScanner.scanJars 적어도 하나의 JAR가 TLD들을 찾기 위해 스캔되었으나 아무 것도 찾지 못했습니다. 스캔했으나 TLD가 없는 JAR들의 전체 목록을 보시려면, 로그 레벨을 디버그 레벨로 설정하십시오. 스캔 과정에서 불필요한 JAR들을 건너뛰면, 시스템 시작 시간과 JSP 컴파일 시간을 단축시킬 수 있습니다.
16-Apr-2026 14:35:38.611 정보 [main] org.apache.catalina.startup.HostConfig.deployDescriptor 배치 descriptor [/Users/sik2/project/grepp/aibe6/p-14485-1/conf/Catalina/localhost/ROOT.xml]의 배치가 [319] 밀리초 내에 완료되었습니다.
16-Apr-2026 14:35:38.613 정보 [main] org.apache.coyote.AbstractProtocol.start 프로토콜 핸들러 ["http-nio-8080"]을(를) 시작합니다.
16-Apr-2026 14:35:38.620 정보 [main] org.apache.catalina.startup.Catalina.start 서버가 [389] 밀리초 내에 시작되었습니다.
16-Apr-2026 15:24:03.266 정보 [main] org.apache.catalina.startup.VersionLoggerListener.log 서버 버전 이름:    Apache Tomcat/10.1.54
16-Apr-2026 15:24:03.269 정보 [main] org.apache.catalina.startup.VersionLoggerListener.log Server 빌드 시각:  Mar 30 2026 22:31:53 UTC
16-Apr-2026 15:24:03.269 정보 [main] org.apache.catalina.startup.VersionLoggerListener.log Server 버전 번호:  10.1.54.0
16-Apr-2026 15:24:03.269 정보 [main] org.apache.catalina.startup.VersionLoggerListener.log 운영체제 이름:     Mac OS X
16-Apr-2026 15:24:03.270 정보 [main] org.apache.catalina.startup.VersionLoggerListener.log 운영체제 버전:     26.3.1
16-Apr-2026 15:24:03.270 정보 [main] org.apache.catalina.startup.VersionLoggerListener.log 아키텍처:          aarch64
16-Apr-2026 15:24:03.270 정보 [main] org.apache.catalina.startup.VersionLoggerListener.log 자바 홈:           /Users/sik2/Library/Java/JavaVirtualMachines/corretto-21.0.8/Contents/Home
16-Apr-2026 15:24:03.270 정보 [main] org.apache.catalina.startup.VersionLoggerListener.log JVM 버전:          21.0.8+9-LTS
16-Apr-2026 15:24:03.270 정보 [main] org.apache.catalina.startup.VersionLoggerListener.log JVM 벤더:          Amazon.com Inc.
16-Apr-2026 15:24:03.270 정보 [main] org.apache.catalina.startup.VersionLoggerListener.log CATALINA_BASE:     /Users/sik2/project/grepp/aibe6/p-14485-1
16-Apr-2026 15:24:03.270 정보 [main] org.apache.catalina.startup.VersionLoggerListener.log CATALINA_HOME:     /Users/sik2/project/grepp/aibe6/tomcat/apache-tomcat-10.1.54
16-Apr-2026 15:24:03.276 정보 [main] org.apache.catalina.startup.VersionLoggerListener.log 명령 행 아규먼트:  --add-opens=java.base/java.lang=ALL-UNNAMED
16-Apr-2026 15:24:03.276 정보 [main] org.apache.catalina.startup.VersionLoggerListener.log 명령 행 아규먼트:  --add-opens=java.base/java.io=ALL-UNNAMED
16-Apr-2026 15:24:03.276 정보 [main] org.apache.catalina.startup.VersionLoggerListener.log 명령 행 아규먼트:  --add-opens=java.base/java.util=ALL-UNNAMED
16-Apr-2026 15:24:03.276 정보 [main] org.apache.catalina.startup.VersionLoggerListener.log 명령 행 아규먼트:  --add-opens=java.base/java.util.concurrent=ALL-UNNAMED
16-Apr-2026 15:24:03.276 정보 [main] org.apache.catalina.startup.VersionLoggerListener.log 명령 행 아규먼트:  --add-opens=java.rmi/sun.rmi.transport=ALL-UNNAMED
16-Apr-2026 15:24:03.276 정보 [main] org.apache.catalina.startup.VersionLoggerListener.log 명령 행 아규먼트:  -Dcatalina.home=/Users/sik2/project/grepp/aibe6/tomcat/apache-tomcat-10.1.54
16-Apr-2026 15:24:03.276 정보 [main] org.apache.catalina.startup.VersionLoggerListener.log 명령 행 아규먼트:  -Dcatalina.base=/Users/sik2/project/grepp/aibe6/p-14485-1
16-Apr-2026 15:24:03.277 정보 [main] org.apache.catalina.startup.VersionLoggerListener.log 명령 행 아규먼트:  -Djava.io.tmpdir=/Users/sik2/project/grepp/aibe6/p-14485-1/temp
16-Apr-2026 15:24:03.277 정보 [main] org.apache.catalina.startup.VersionLoggerListener.log 명령 행 아규먼트:  -Djava.util.logging.config.file=/Users/sik2/project/grepp/aibe6/p-14485-1/conf/logging.properties
16-Apr-2026 15:24:03.277 정보 [main] org.apache.catalina.startup.VersionLoggerListener.log 명령 행 아규먼트:  -Djava.util.logging.manager=org.apache.juli.ClassLoaderLogManager
16-Apr-2026 15:24:03.277 정보 [main] org.apache.catalina.startup.VersionLoggerListener.log 명령 행 아규먼트:  -javaagent:/Applications/IntelliJ IDEA.app/Contents/lib/idea_rt.jar=64923
16-Apr-2026 15:24:03.277 정보 [main] org.apache.catalina.startup.VersionLoggerListener.log 명령 행 아규먼트:  -Dfile.encoding=UTF-8
16-Apr-2026 15:24:03.277 정보 [main] org.apache.catalina.startup.VersionLoggerListener.log 명령 행 아규먼트:  -Dsun.stdout.encoding=UTF-8
16-Apr-2026 15:24:03.277 정보 [main] org.apache.catalina.startup.VersionLoggerListener.log 명령 행 아규먼트:  -Dsun.stderr.encoding=UTF-8
16-Apr-2026 15:24:03.284 정보 [main] org.apache.catalina.core.AprLifecycleListener.lifecycleEvent 프로덕션 환경들에서 최적의 성능을 제공하는, APR 기반 Apache Tomcat Native 라이브러리가, 다음 java.library.path에서 발견되지 않습니다: [/Users/sik2/Library/Java/Extensions:/Library/Java/Extensions:/Network/Library/Java/Extensions:/System/Library/Java/Extensions:/usr/lib/java:.]
16-Apr-2026 15:24:03.527 정보 [main] org.apache.coyote.AbstractProtocol.init 프로토콜 핸들러 ["http-nio-8080"]을(를) 초기화합니다.
16-Apr-2026 15:24:03.547 정보 [main] org.apache.catalina.startup.Catalina.load [412] 밀리초 내에 서버가 초기화되었습니다.
16-Apr-2026 15:24:03.597 정보 [main] org.apache.catalina.core.StandardService.startInternal 서비스 [Catalina]을(를) 시작합니다.
16-Apr-2026 15:24:03.597 정보 [main] org.apache.catalina.core.StandardEngine.startInternal 서버 엔진을 시작합니다: [Apache Tomcat/10.1.54]
16-Apr-2026 15:24:03.609 정보 [main] org.apache.catalina.startup.HostConfig.deployDescriptor 배치 descriptor [/Users/sik2/project/grepp/aibe6/p-14485-1/conf/Catalina/localhost/ROOT.xml]을(를) 배치합니다.
16-Apr-2026 15:24:03.894 정보 [main] org.apache.jasper.servlet.TldScanner.scanJars 적어도 하나의 JAR가 TLD들을 찾기 위해 스캔되었으나 아무 것도 찾지 못했습니다. 스캔했으나 TLD가 없는 JAR들의 전체 목록을 보시려면, 로그 레벨을 디버그 레벨로 설정하십시오. 스캔 과정에서 불필요한 JAR들을 건너뛰면, 시스템 시작 시간과 JSP 컴파일 시간을 단축시킬 수 있습니다.
16-Apr-2026 15:24:03.920 정보 [main] org.apache.catalina.startup.HostConfig.deployDescriptor 배치 descriptor [/Users/sik2/project/grepp/aibe6/p-14485-1/conf/Catalina/localhost/ROOT.xml]의 배치가 [308] 밀리초 내에 완료되었습니다.
16-Apr-2026 15:24:03.923 정보 [main] org.apache.coyote.AbstractProtocol.start 프로토콜 핸들러 ["http-nio-8080"]을(를) 시작합니다.
16-Apr-2026 15:24:03.930 정보 [main] org.apache.catalina.startup.Catalina.start 서버가 [382] 밀리초 내에 시작되었습니다.
16-Apr-2026 15:24:05.208 정보 [Thread-1] org.apache.coyote.AbstractProtocol.pause 프로토콜 핸들러 ["http-nio-8080"]을(를) 일시 정지 중
16-Apr-2026 15:24:05.211 정보 [Thread-1] org.apache.catalina.core.StandardService.stopInternal 서비스 [Catalina]을(를) 중지시킵니다.
16-Apr-2026 15:24:05.219 정보 [Thread-1] org.apache.coyote.AbstractProtocol.stop 프로토콜 핸들러 ["http-nio-8080"]을(를) 중지시킵니다.
16-Apr-2026 15:24:05.222 정보 [Thread-1] org.apache.coyote.AbstractProtocol.destroy 프로토콜 핸들러 ["http-nio-8080"]을(를) 소멸시킵니다.
16-Apr-2026 15:24:06.260 정보 [main] org.apache.catalina.startup.VersionLoggerListener.log 서버 버전 이름:    Apache Tomcat/10.1.54
16-Apr-2026 15:24:06.264 정보 [main] org.apache.catalina.startup.VersionLoggerListener.log Server 빌드 시각:  Mar 30 2026 22:31:53 UTC
16-Apr-2026 15:24:06.264 정보 [main] org.apache.catalina.startup.VersionLoggerListener.log Server 버전 번호:  10.1.54.0
16-Apr-2026 15:24:06.264 정보 [main] org.apache.catalina.startup.VersionLoggerListener.log 운영체제 이름:     Mac OS X
16-Apr-2026 15:24:06.264 정보 [main] org.apache.catalina.startup.VersionLoggerListener.log 운영체제 버전:     26.3.1
16-Apr-2026 15:24:06.264 정보 [main] org.apache.catalina.startup.VersionLoggerListener.log 아키텍처:          aarch64
16-Apr-2026 15:24:06.264 정보 [main] org.apache.catalina.startup.VersionLoggerListener.log 자바 홈:           /Users/sik2/Library/Java/JavaVirtualMachines/corretto-21.0.8/Contents/Home
16-Apr-2026 15:24:06.264 정보 [main] org.apache.catalina.startup.VersionLoggerListener.log JVM 버전:          21.0.8+9-LTS
16-Apr-2026 15:24:06.264 정보 [main] org.apache.catalina.startup.VersionLoggerListener.log JVM 벤더:          Amazon.com Inc.
16-Apr-2026 15:24:06.264 정보 [main] org.apache.catalina.startup.VersionLoggerListener.log CATALINA_BASE:     /Users/sik2/project/grepp/aibe6/p-14485-1
16-Apr-2026 15:24:06.264 정보 [main] org.apache.catalina.startup.VersionLoggerListener.log CATALINA_HOME:     /Users/sik2/project/grepp/aibe6/tomcat/apache-tomcat-10.1.54
16-Apr-2026 15:24:06.275 정보 [main] org.apache.catalina.startup.VersionLoggerListener.log 명령 행 아규먼트:  --add-opens=java.base/java.lang=ALL-UNNAMED
16-Apr-2026 15:24:06.275 정보 [main] org.apache.catalina.startup.VersionLoggerListener.log 명령 행 아규먼트:  --add-opens=java.base/java.io=ALL-UNNAMED
16-Apr-2026 15:24:06.275 정보 [main] org.apache.catalina.startup.VersionLoggerListener.log 명령 행 아규먼트:  --add-opens=java.base/java.util=ALL-UNNAMED
16-Apr-2026 15:24:06.275 정보 [main] org.apache.catalina.startup.VersionLoggerListener.log 명령 행 아규먼트:  --add-opens=java.base/java.util.concurrent=ALL-UNNAMED
16-Apr-2026 15:24:06.275 정보 [main] org.apache.catalina.startup.VersionLoggerListener.log 명령 행 아규먼트:  --add-opens=java.rmi/sun.rmi.transport=ALL-UNNAMED
16-Apr-2026 15:24:06.276 정보 [main] org.apache.catalina.startup.VersionLoggerListener.log 명령 행 아규먼트:  -Dcatalina.home=/Users/sik2/project/grepp/aibe6/tomcat/apache-tomcat-10.1.54
16-Apr-2026 15:24:06.276 정보 [main] org.apache.catalina.startup.VersionLoggerListener.log 명령 행 아규먼트:  -Dcatalina.base=/Users/sik2/project/grepp/aibe6/p-14485-1
16-Apr-2026 15:24:06.279 정보 [main] org.apache.catalina.startup.VersionLoggerListener.log 명령 행 아규먼트:  -Djava.io.tmpdir=/Users/sik2/project/grepp/aibe6/p-14485-1/temp
16-Apr-2026 15:24:06.279 정보 [main] org.apache.catalina.startup.VersionLoggerListener.log 명령 행 아규먼트:  -Djava.util.logging.config.file=/Users/sik2/project/grepp/aibe6/p-14485-1/conf/logging.properties
16-Apr-2026 15:24:06.279 정보 [main] org.apache.catalina.startup.VersionLoggerListener.log 명령 행 아규먼트:  -Djava.util.logging.manager=org.apache.juli.ClassLoaderLogManager
16-Apr-2026 15:24:06.279 정보 [main] org.apache.catalina.startup.VersionLoggerListener.log 명령 행 아규먼트:  -javaagent:/Applications/IntelliJ IDEA.app/Contents/lib/idea_rt.jar=64927
16-Apr-2026 15:24:06.279 정보 [main] org.apache.catalina.startup.VersionLoggerListener.log 명령 행 아규먼트:  -Dfile.encoding=UTF-8
16-Apr-2026 15:24:06.279 정보 [main] org.apache.catalina.startup.VersionLoggerListener.log 명령 행 아규먼트:  -Dsun.stdout.encoding=UTF-8
16-Apr-2026 15:24:06.279 정보 [main] org.apache.catalina.startup.VersionLoggerListener.log 명령 행 아규먼트:  -Dsun.stderr.encoding=UTF-8
16-Apr-2026 15:24:06.290 정보 [main] org.apache.catalina.core.AprLifecycleListener.lifecycleEvent 프로덕션 환경들에서 최적의 성능을 제공하는, APR 기반 Apache Tomcat Native 라이브러리가, 다음 java.library.path에서 발견되지 않습니다: [/Users/sik2/Library/Java/Extensions:/Library/Java/Extensions:/Network/Library/Java/Extensions:/System/Library/Java/Extensions:/usr/lib/java:.]
16-Apr-2026 15:24:06.659 정보 [main] org.apache.coyote.AbstractProtocol.init 프로토콜 핸들러 ["http-nio-8080"]을(를) 초기화합니다.
16-Apr-2026 15:24:06.675 정보 [main] org.apache.catalina.startup.Catalina.load [638] 밀리초 내에 서버가 초기화되었습니다.
16-Apr-2026 15:24:06.722 정보 [main] org.apache.catalina.core.StandardService.startInternal 서비스 [Catalina]을(를) 시작합니다.
16-Apr-2026 15:24:06.723 정보 [main] org.apache.catalina.core.StandardEngine.startInternal 서버 엔진을 시작합니다: [Apache Tomcat/10.1.54]
16-Apr-2026 15:24:06.734 정보 [main] org.apache.catalina.startup.HostConfig.deployDescriptor 배치 descriptor [/Users/sik2/project/grepp/aibe6/p-14485-1/conf/Catalina/localhost/ROOT.xml]을(를) 배치합니다.
16-Apr-2026 15:24:07.010 정보 [main] org.apache.jasper.servlet.TldScanner.scanJars 적어도 하나의 JAR가 TLD들을 찾기 위해 스캔되었으나 아무 것도 찾지 못했습니다. 스캔했으나 TLD가 없는 JAR들의 전체 목록을 보시려면, 로그 레벨을 디버그 레벨로 설정하십시오. 스캔 과정에서 불필요한 JAR들을 건너뛰면, 시스템 시작 시간과 JSP 컴파일 시간을 단축시킬 수 있습니다.
16-Apr-2026 15:24:07.034 정보 [main] org.apache.catalina.startup.HostConfig.deployDescriptor 배치 descriptor [/Users/sik2/project/grepp/aibe6/p-14485-1/conf/Catalina/localhost/ROOT.xml]의 배치가 [296] 밀리초 내에 완료되었습니다.
16-Apr-2026 15:24:07.042 정보 [main] org.apache.coyote.AbstractProtocol.start 프로토콜 핸들러 ["http-nio-8080"]을(를) 시작합니다.
16-Apr-2026 15:24:07.049 정보 [main] org.apache.catalina.startup.Catalina.start 서버가 [373] 밀리초 내에 시작되었습니다.
16-Apr-2026 15:35:16.685 정보 [Thread-1] org.apache.coyote.AbstractProtocol.pause 프로토콜 핸들러 ["http-nio-8080"]을(를) 일시 정지 중
16-Apr-2026 15:35:16.688 정보 [Thread-1] org.apache.catalina.core.StandardService.stopInternal 서비스 [Catalina]을(를) 중지시킵니다.
16-Apr-2026 15:35:16.705 정보 [Thread-1] org.apache.coyote.AbstractProtocol.stop 프로토콜 핸들러 ["http-nio-8080"]을(를) 중지시킵니다.
16-Apr-2026 15:35:16.714 정보 [Thread-1] org.apache.coyote.AbstractProtocol.destroy 프로토콜 핸들러 ["http-nio-8080"]을(를) 소멸시킵니다.
16-Apr-2026 15:35:18.104 정보 [main] org.apache.catalina.startup.VersionLoggerListener.log 서버 버전 이름:    Apache Tomcat/10.1.54
16-Apr-2026 15:35:18.108 정보 [main] org.apache.catalina.startup.VersionLoggerListener.log Server 빌드 시각:  Mar 30 2026 22:31:53 UTC
16-Apr-2026 15:35:18.109 정보 [main] org.apache.catalina.startup.VersionLoggerListener.log Server 버전 번호:  10.1.54.0
16-Apr-2026 15:35:18.109 정보 [main] org.apache.catalina.startup.VersionLoggerListener.log 운영체제 이름:     Mac OS X
16-Apr-2026 15:35:18.109 정보 [main] org.apache.catalina.startup.VersionLoggerListener.log 운영체제 버전:     26.3.1
16-Apr-2026 15:35:18.109 정보 [main] org.apache.catalina.startup.VersionLoggerListener.log 아키텍처:          aarch64
16-Apr-2026 15:35:18.110 정보 [main] org.apache.catalina.startup.VersionLoggerListener.log 자바 홈:           /Users/sik2/Library/Java/JavaVirtualMachines/corretto-21.0.8/Contents/Home
16-Apr-2026 15:35:18.110 정보 [main] org.apache.catalina.startup.VersionLoggerListener.log JVM 버전:          21.0.8+9-LTS
16-Apr-2026 15:35:18.110 정보 [main] org.apache.catalina.startup.VersionLoggerListener.log JVM 벤더:          Amazon.com Inc.
16-Apr-2026 15:35:18.110 정보 [main] org.apache.catalina.startup.VersionLoggerListener.log CATALINA_BASE:     /Users/sik2/project/grepp/aibe6/p-14485-1
16-Apr-2026 15:35:18.110 정보 [main] org.apache.catalina.startup.VersionLoggerListener.log CATALINA_HOME:     /Users/sik2/project/grepp/aibe6/tomcat/apache-tomcat-10.1.54
16-Apr-2026 15:35:18.135 정보 [main] org.apache.catalina.startup.VersionLoggerListener.log 명령 행 아규먼트:  --add-opens=java.base/java.lang=ALL-UNNAMED
16-Apr-2026 15:35:18.136 정보 [main] org.apache.catalina.startup.VersionLoggerListener.log 명령 행 아규먼트:  --add-opens=java.base/java.io=ALL-UNNAMED
16-Apr-2026 15:35:18.136 정보 [main] org.apache.catalina.startup.VersionLoggerListener.log 명령 행 아규먼트:  --add-opens=java.base/java.util=ALL-UNNAMED
16-Apr-2026 15:35:18.136 정보 [main] org.apache.catalina.startup.VersionLoggerListener.log 명령 행 아규먼트:  --add-opens=java.base/java.util.concurrent=ALL-UNNAMED
16-Apr-2026 15:35:18.136 정보 [main] org.apache.catalina.startup.VersionLoggerListener.log 명령 행 아규먼트:  --add-opens=java.rmi/sun.rmi.transport=ALL-UNNAMED
16-Apr-2026 15:35:18.136 정보 [main] org.apache.catalina.startup.VersionLoggerListener.log 명령 행 아규먼트:  -Dcatalina.home=/Users/sik2/project/grepp/aibe6/tomcat/apache-tomcat-10.1.54
16-Apr-2026 15:35:18.136 정보 [main] org.apache.catalina.startup.VersionLoggerListener.log 명령 행 아규먼트:  -Dcatalina.base=/Users/sik2/project/grepp/aibe6/p-14485-1
16-Apr-2026 15:35:18.136 정보 [main] org.apache.catalina.startup.VersionLoggerListener.log 명령 행 아규먼트:  -Djava.io.tmpdir=/Users/sik2/project/grepp/aibe6/p-14485-1/temp
16-Apr-2026 15:35:18.136 정보 [main] org.apache.catalina.startup.VersionLoggerListener.log 명령 행 아규먼트:  -Djava.util.logging.config.file=/Users/sik2/project/grepp/aibe6/p-14485-1/conf/logging.properties
16-Apr-2026 15:35:18.136 정보 [main] org.apache.catalina.startup.VersionLoggerListener.log 명령 행 아규먼트:  -Djava.util.logging.manager=org.apache.juli.ClassLoaderLogManager
16-Apr-2026 15:35:18.137 정보 [main] org.apache.catalina.startup.VersionLoggerListener.log 명령 행 아규먼트:  -javaagent:/Applications/IntelliJ IDEA.app/Contents/lib/idea_rt.jar=65075
16-Apr-2026 15:35:18.137 정보 [main] org.apache.catalina.startup.VersionLoggerListener.log 명령 행 아규먼트:  -Dfile.encoding=UTF-8
16-Apr-2026 15:35:18.137 정보 [main] org.apache.catalina.startup.VersionLoggerListener.log 명령 행 아규먼트:  -Dsun.stdout.encoding=UTF-8
16-Apr-2026 15:35:18.137 정보 [main] org.apache.catalina.startup.VersionLoggerListener.log 명령 행 아규먼트:  -Dsun.stderr.encoding=UTF-8
16-Apr-2026 15:35:18.153 정보 [main] org.apache.catalina.core.AprLifecycleListener.lifecycleEvent 프로덕션 환경들에서 최적의 성능을 제공하는, APR 기반 Apache Tomcat Native 라이브러리가, 다음 java.library.path에서 발견되지 않습니다: [/Users/sik2/Library/Java/Extensions:/Library/Java/Extensions:/Network/Library/Java/Extensions:/System/Library/Java/Extensions:/usr/lib/java:.]
16-Apr-2026 15:35:18.730 정보 [main] org.apache.coyote.AbstractProtocol.init 프로토콜 핸들러 ["http-nio-8080"]을(를) 초기화합니다.
16-Apr-2026 15:35:18.751 정보 [main] org.apache.catalina.startup.Catalina.load [944] 밀리초 내에 서버가 초기화되었습니다.
16-Apr-2026 15:35:18.782 정보 [main] org.apache.catalina.core.StandardService.startInternal 서비스 [Catalina]을(를) 시작합니다.
16-Apr-2026 15:35:18.782 정보 [main] org.apache.catalina.core.StandardEngine.startInternal 서버 엔진을 시작합니다: [Apache Tomcat/10.1.54]
16-Apr-2026 15:35:18.789 정보 [main] org.apache.catalina.startup.HostConfig.deployDescriptor 배치 descriptor [/Users/sik2/project/grepp/aibe6/p-14485-1/conf/Catalina/localhost/ROOT.xml]을(를) 배치합니다.
16-Apr-2026 15:35:19.060 정보 [main] org.apache.jasper.servlet.TldScanner.scanJars 적어도 하나의 JAR가 TLD들을 찾기 위해 스캔되었으나 아무 것도 찾지 못했습니다. 스캔했으나 TLD가 없는 JAR들의 전체 목록을 보시려면, 로그 레벨을 디버그 레벨로 설정하십시오. 스캔 과정에서 불필요한 JAR들을 건너뛰면, 시스템 시작 시간과 JSP 컴파일 시간을 단축시킬 수 있습니다.
16-Apr-2026 15:35:19.100 정보 [main] org.apache.catalina.startup.HostConfig.deployDescriptor 배치 descriptor [/Users/sik2/project/grepp/aibe6/p-14485-1/conf/Catalina/localhost/ROOT.xml]의 배치가 [308] 밀리초 내에 완료되었습니다.
16-Apr-2026 15:35:19.105 정보 [main] org.apache.coyote.AbstractProtocol.start 프로토콜 핸들러 ["http-nio-8080"]을(를) 시작합니다.
16-Apr-2026 15:35:19.119 정보 [main] org.apache.catalina.startup.Catalina.start 서버가 [367] 밀리초 내에 시작되었습니다.
16-Apr-2026 15:35:39.132 정보 [Catalina-utility-1] org.apache.catalina.core.StandardContext.reload 이름이 []인 컨텍스트를 다시 로드하는 작업이 시작되었습니다.
16-Apr-2026 15:35:39.173 정보 [Catalina-utility-1] org.apache.jasper.servlet.TldScanner.scanJars 적어도 하나의 JAR가 TLD들을 찾기 위해 스캔되었으나 아무 것도 찾지 못했습니다. 스캔했으나 TLD가 없는 JAR들의 전체 목록을 보시려면, 로그 레벨을 디버그 레벨로 설정하십시오. 스캔 과정에서 불필요한 JAR들을 건너뛰면, 시스템 시작 시간과 JSP 컴파일 시간을 단축시킬 수 있습니다.
16-Apr-2026 15:35:39.174 정보 [Catalina-utility-1] org.apache.catalina.core.StandardContext.reload 이름이 []인 컨텍스트를 다시 로드하는 것을 완료했습니다.
16-Apr-2026 15:35:52.035 정보 [Thread-1] org.apache.coyote.AbstractProtocol.pause 프로토콜 핸들러 ["http-nio-8080"]을(를) 일시 정지 중
16-Apr-2026 15:35:52.038 정보 [Thread-1] org.apache.catalina.core.StandardService.stopInternal 서비스 [Catalina]을(를) 중지시킵니다.
16-Apr-2026 15:35:52.044 정보 [Thread-1] org.apache.coyote.AbstractProtocol.stop 프로토콜 핸들러 ["http-nio-8080"]을(를) 중지시킵니다.
16-Apr-2026 15:35:52.047 정보 [Thread-1] org.apache.coyote.AbstractProtocol.destroy 프로토콜 핸들러 ["http-nio-8080"]을(를) 소멸시킵니다.
16-Apr-2026 15:35:53.458 정보 [main] org.apache.catalina.startup.VersionLoggerListener.log 서버 버전 이름:    Apache Tomcat/10.1.54
16-Apr-2026 15:35:53.464 정보 [main] org.apache.catalina.startup.VersionLoggerListener.log Server 빌드 시각:  Mar 30 2026 22:31:53 UTC
16-Apr-2026 15:35:53.464 정보 [main] org.apache.catalina.startup.VersionLoggerListener.log Server 버전 번호:  10.1.54.0
16-Apr-2026 15:35:53.464 정보 [main] org.apache.catalina.startup.VersionLoggerListener.log 운영체제 이름:     Mac OS X
16-Apr-2026 15:35:53.464 정보 [main] org.apache.catalina.startup.VersionLoggerListener.log 운영체제 버전:     26.3.1
16-Apr-2026 15:35:53.464 정보 [main] org.apache.catalina.startup.VersionLoggerListener.log 아키텍처:          aarch64
16-Apr-2026 15:35:53.464 정보 [main] org.apache.catalina.startup.VersionLoggerListener.log 자바 홈:           /Users/sik2/Library/Java/JavaVirtualMachines/corretto-21.0.8/Contents/Home
16-Apr-2026 15:35:53.464 정보 [main] org.apache.catalina.startup.VersionLoggerListener.log JVM 버전:          21.0.8+9-LTS
16-Apr-2026 15:35:53.464 정보 [main] org.apache.catalina.startup.VersionLoggerListener.log JVM 벤더:          Amazon.com Inc.
16-Apr-2026 15:35:53.464 정보 [main] org.apache.catalina.startup.VersionLoggerListener.log CATALINA_BASE:     /Users/sik2/project/grepp/aibe6/p-14485-1
16-Apr-2026 15:35:53.464 정보 [main] org.apache.catalina.startup.VersionLoggerListener.log CATALINA_HOME:     /Users/sik2/project/grepp/aibe6/tomcat/apache-tomcat-10.1.54
16-Apr-2026 15:35:53.472 정보 [main] org.apache.catalina.startup.VersionLoggerListener.log 명령 행 아규먼트:  --add-opens=java.base/java.lang=ALL-UNNAMED
16-Apr-2026 15:35:53.472 정보 [main] org.apache.catalina.startup.VersionLoggerListener.log 명령 행 아규먼트:  --add-opens=java.base/java.io=ALL-UNNAMED
16-Apr-2026 15:35:53.472 정보 [main] org.apache.catalina.startup.VersionLoggerListener.log 명령 행 아규먼트:  --add-opens=java.base/java.util=ALL-UNNAMED
16-Apr-2026 15:35:53.473 정보 [main] org.apache.catalina.startup.VersionLoggerListener.log 명령 행 아규먼트:  --add-opens=java.base/java.util.concurrent=ALL-UNNAMED
16-Apr-2026 15:35:53.473 정보 [main] org.apache.catalina.startup.VersionLoggerListener.log 명령 행 아규먼트:  --add-opens=java.rmi/sun.rmi.transport=ALL-UNNAMED
16-Apr-2026 15:35:53.473 정보 [main] org.apache.catalina.startup.VersionLoggerListener.log 명령 행 아규먼트:  -Dcatalina.home=/Users/sik2/project/grepp/aibe6/tomcat/apache-tomcat-10.1.54
16-Apr-2026 15:35:53.473 정보 [main] org.apache.catalina.startup.VersionLoggerListener.log 명령 행 아규먼트:  -Dcatalina.base=/Users/sik2/project/grepp/aibe6/p-14485-1
16-Apr-2026 15:35:53.473 정보 [main] org.apache.catalina.startup.VersionLoggerListener.log 명령 행 아규먼트:  -Djava.io.tmpdir=/Users/sik2/project/grepp/aibe6/p-14485-1/temp
16-Apr-2026 15:35:53.473 정보 [main] org.apache.catalina.startup.VersionLoggerListener.log 명령 행 아규먼트:  -Djava.util.logging.config.file=/Users/sik2/project/grepp/aibe6/p-14485-1/conf/logging.properties
16-Apr-2026 15:35:53.473 정보 [main] org.apache.catalina.startup.VersionLoggerListener.log 명령 행 아규먼트:  -Djava.util.logging.manager=org.apache.juli.ClassLoaderLogManager
16-Apr-2026 15:35:53.473 정보 [main] org.apache.catalina.startup.VersionLoggerListener.log 명령 행 아규먼트:  -javaagent:/Applications/IntelliJ IDEA.app/Contents/lib/idea_rt.jar=65086
16-Apr-2026 15:35:53.473 정보 [main] org.apache.catalina.startup.VersionLoggerListener.log 명령 행 아규먼트:  -Dfile.encoding=UTF-8
16-Apr-2026 15:35:53.473 정보 [main] org.apache.catalina.startup.VersionLoggerListener.log 명령 행 아규먼트:  -Dsun.stdout.encoding=UTF-8
16-Apr-2026 15:35:53.473 정보 [main] org.apache.catalina.startup.VersionLoggerListener.log 명령 행 아규먼트:  -Dsun.stderr.encoding=UTF-8
16-Apr-2026 15:35:53.483 정보 [main] org.apache.catalina.core.AprLifecycleListener.lifecycleEvent 프로덕션 환경들에서 최적의 성능을 제공하는, APR 기반 Apache Tomcat Native 라이브러리가, 다음 java.library.path에서 발견되지 않습니다: [/Users/sik2/Library/Java/Extensions:/Library/Java/Extensions:/Network/Library/Java/Extensions:/System/Library/Java/Extensions:/usr/lib/java:.]
16-Apr-2026 15:35:53.730 정보 [main] org.apache.coyote.AbstractProtocol.init 프로토콜 핸들러 ["http-nio-8080"]을(를) 초기화합니다.
16-Apr-2026 15:35:53.742 정보 [main] org.apache.catalina.startup.Catalina.load [571] 밀리초 내에 서버가 초기화되었습니다.
16-Apr-2026 15:35:53.775 정보 [main] org.apache.catalina.core.StandardService.startInternal 서비스 [Catalina]을(를) 시작합니다.
16-Apr-2026 15:35:53.776 정보 [main] org.apache.catalina.core.StandardEngine.startInternal 서버 엔진을 시작합니다: [Apache Tomcat/10.1.54]
16-Apr-2026 15:35:53.783 정보 [main] org.apache.catalina.startup.HostConfig.deployDescriptor 배치 descriptor [/Users/sik2/project/grepp/aibe6/p-14485-1/conf/Catalina/localhost/ROOT.xml]을(를) 배치합니다.
16-Apr-2026 15:35:54.030 정보 [main] org.apache.jasper.servlet.TldScanner.scanJars 적어도 하나의 JAR가 TLD들을 찾기 위해 스캔되었으나 아무 것도 찾지 못했습니다. 스캔했으나 TLD가 없는 JAR들의 전체 목록을 보시려면, 로그 레벨을 디버그 레벨로 설정하십시오. 스캔 과정에서 불필요한 JAR들을 건너뛰면, 시스템 시작 시간과 JSP 컴파일 시간을 단축시킬 수 있습니다.
16-Apr-2026 15:35:54.055 정보 [main] org.apache.catalina.startup.HostConfig.deployDescriptor 배치 descriptor [/Users/sik2/project/grepp/aibe6/p-14485-1/conf/Catalina/localhost/ROOT.xml]의 배치가 [269] 밀리초 내에 완료되었습니다.
16-Apr-2026 15:35:54.058 정보 [main] org.apache.coyote.AbstractProtocol.start 프로토콜 핸들러 ["http-nio-8080"]을(를) 시작합니다.
16-Apr-2026 15:35:54.065 정보 [main] org.apache.catalina.startup.Catalina.start 서버가 [321] 밀리초 내에 시작되었습니다.
16-Apr-2026 15:36:37.029 정보 [Thread-1] org.apache.coyote.AbstractProtocol.pause 프로토콜 핸들러 ["http-nio-8080"]을(를) 일시 정지 중
16-Apr-2026 15:36:37.033 정보 [Thread-1] org.apache.catalina.core.StandardService.stopInternal 서비스 [Catalina]을(를) 중지시킵니다.
16-Apr-2026 15:36:37.063 정보 [Thread-1] org.apache.coyote.AbstractProtocol.stop 프로토콜 핸들러 ["http-nio-8080"]을(를) 중지시킵니다.
16-Apr-2026 15:36:37.072 정보 [Thread-1] org.apache.coyote.AbstractProtocol.destroy 프로토콜 핸들러 ["http-nio-8080"]을(를) 소멸시킵니다.
16-Apr-2026 15:36:39.130 정보 [main] org.apache.catalina.startup.VersionLoggerListener.log 서버 버전 이름:    Apache Tomcat/10.1.54
16-Apr-2026 15:36:39.135 정보 [main] org.apache.catalina.startup.VersionLoggerListener.log Server 빌드 시각:  Mar 30 2026 22:31:53 UTC
16-Apr-2026 15:36:39.135 정보 [main] org.apache.catalina.startup.VersionLoggerListener.log Server 버전 번호:  10.1.54.0
16-Apr-2026 15:36:39.135 정보 [main] org.apache.catalina.startup.VersionLoggerListener.log 운영체제 이름:     Mac OS X
16-Apr-2026 15:36:39.135 정보 [main] org.apache.catalina.startup.VersionLoggerListener.log 운영체제 버전:     26.3.1
16-Apr-2026 15:36:39.135 정보 [main] org.apache.catalina.startup.VersionLoggerListener.log 아키텍처:          aarch64
16-Apr-2026 15:36:39.135 정보 [main] org.apache.catalina.startup.VersionLoggerListener.log 자바 홈:           /Users/sik2/Library/Java/JavaVirtualMachines/corretto-21.0.8/Contents/Home
16-Apr-2026 15:36:39.135 정보 [main] org.apache.catalina.startup.VersionLoggerListener.log JVM 버전:          21.0.8+9-LTS
16-Apr-2026 15:36:39.135 정보 [main] org.apache.catalina.startup.VersionLoggerListener.log JVM 벤더:          Amazon.com Inc.
16-Apr-2026 15:36:39.135 정보 [main] org.apache.catalina.startup.VersionLoggerListener.log CATALINA_BASE:     /Users/sik2/project/grepp/aibe6/p-14485-1
16-Apr-2026 15:36:39.135 정보 [main] org.apache.catalina.startup.VersionLoggerListener.log CATALINA_HOME:     /Users/sik2/project/grepp/aibe6/tomcat/apache-tomcat-10.1.54
16-Apr-2026 15:36:39.145 정보 [main] org.apache.catalina.startup.VersionLoggerListener.log 명령 행 아규먼트:  --add-opens=java.base/java.lang=ALL-UNNAMED
16-Apr-2026 15:36:39.146 정보 [main] org.apache.catalina.startup.VersionLoggerListener.log 명령 행 아규먼트:  --add-opens=java.base/java.io=ALL-UNNAMED
16-Apr-2026 15:36:39.146 정보 [main] org.apache.catalina.startup.VersionLoggerListener.log 명령 행 아규먼트:  --add-opens=java.base/java.util=ALL-UNNAMED
16-Apr-2026 15:36:39.146 정보 [main] org.apache.catalina.startup.VersionLoggerListener.log 명령 행 아규먼트:  --add-opens=java.base/java.util.concurrent=ALL-UNNAMED
16-Apr-2026 15:36:39.146 정보 [main] org.apache.catalina.startup.VersionLoggerListener.log 명령 행 아규먼트:  --add-opens=java.rmi/sun.rmi.transport=ALL-UNNAMED
16-Apr-2026 15:36:39.146 정보 [main] org.apache.catalina.startup.VersionLoggerListener.log 명령 행 아규먼트:  -Dcatalina.home=/Users/sik2/project/grepp/aibe6/tomcat/apache-tomcat-10.1.54
16-Apr-2026 15:36:39.146 정보 [main] org.apache.catalina.startup.VersionLoggerListener.log 명령 행 아규먼트:  -Dcatalina.base=/Users/sik2/project/grepp/aibe6/p-14485-1
16-Apr-2026 15:36:39.146 정보 [main] org.apache.catalina.startup.VersionLoggerListener.log 명령 행 아규먼트:  -Djava.io.tmpdir=/Users/sik2/project/grepp/aibe6/p-14485-1/temp
16-Apr-2026 15:36:39.148 정보 [main] org.apache.catalina.startup.VersionLoggerListener.log 명령 행 아규먼트:  -Djava.util.logging.config.file=/Users/sik2/project/grepp/aibe6/p-14485-1/conf/logging.properties
16-Apr-2026 15:36:39.148 정보 [main] org.apache.catalina.startup.VersionLoggerListener.log 명령 행 아규먼트:  -Djava.util.logging.manager=org.apache.juli.ClassLoaderLogManager
16-Apr-2026 15:36:39.148 정보 [main] org.apache.catalina.startup.VersionLoggerListener.log 명령 행 아규먼트:  -javaagent:/Applications/IntelliJ IDEA.app/Contents/lib/idea_rt.jar=65219
16-Apr-2026 15:36:39.148 정보 [main] org.apache.catalina.startup.VersionLoggerListener.log 명령 행 아규먼트:  -Dfile.encoding=UTF-8
16-Apr-2026 15:36:39.149 정보 [main] org.apache.catalina.startup.VersionLoggerListener.log 명령 행 아규먼트:  -Dsun.stdout.encoding=UTF-8
16-Apr-2026 15:36:39.149 정보 [main] org.apache.catalina.startup.VersionLoggerListener.log 명령 행 아규먼트:  -Dsun.stderr.encoding=UTF-8
16-Apr-2026 15:36:39.159 정보 [main] org.apache.catalina.core.AprLifecycleListener.lifecycleEvent 프로덕션 환경들에서 최적의 성능을 제공하는, APR 기반 Apache Tomcat Native 라이브러리가, 다음 java.library.path에서 발견되지 않습니다: [/Users/sik2/Library/Java/Extensions:/Library/Java/Extensions:/Network/Library/Java/Extensions:/System/Library/Java/Extensions:/usr/lib/java:.]
16-Apr-2026 15:36:39.426 정보 [main] org.apache.coyote.AbstractProtocol.init 프로토콜 핸들러 ["http-nio-8080"]을(를) 초기화합니다.
16-Apr-2026 15:36:39.446 정보 [main] org.apache.catalina.startup.Catalina.load [465] 밀리초 내에 서버가 초기화되었습니다.
16-Apr-2026 15:36:39.491 정보 [main] org.apache.catalina.core.StandardService.startInternal 서비스 [Catalina]을(를) 시작합니다.
16-Apr-2026 15:36:39.491 정보 [main] org.apache.catalina.core.StandardEngine.startInternal 서버 엔진을 시작합니다: [Apache Tomcat/10.1.54]
16-Apr-2026 15:36:39.497 정보 [main] org.apache.catalina.startup.HostConfig.deployDescriptor 배치 descriptor [/Users/sik2/project/grepp/aibe6/p-14485-1/conf/Catalina/localhost/ROOT.xml]을(를) 배치합니다.
16-Apr-2026 15:36:39.762 정보 [main] org.apache.jasper.servlet.TldScanner.scanJars 적어도 하나의 JAR가 TLD들을 찾기 위해 스캔되었으나 아무 것도 찾지 못했습니다. 스캔했으나 TLD가 없는 JAR들의 전체 목록을 보시려면, 로그 레벨을 디버그 레벨로 설정하십시오. 스캔 과정에서 불필요한 JAR들을 건너뛰면, 시스템 시작 시간과 JSP 컴파일 시간을 단축시킬 수 있습니다.
16-Apr-2026 15:36:39.785 정보 [main] org.apache.catalina.startup.HostConfig.deployDescriptor 배치 descriptor [/Users/sik2/project/grepp/aibe6/p-14485-1/conf/Catalina/localhost/ROOT.xml]의 배치가 [286] 밀리초 내에 완료되었습니다.
16-Apr-2026 15:36:39.788 정보 [main] org.apache.coyote.AbstractProtocol.start 프로토콜 핸들러 ["http-nio-8080"]을(를) 시작합니다.
16-Apr-2026 15:36:39.796 정보 [main] org.apache.catalina.startup.Catalina.start 서버가 [348] 밀리초 내에 시작되었습니다.
16-Apr-2026 15:37:00.700 정보 [Thread-1] org.apache.coyote.AbstractProtocol.pause 프로토콜 핸들러 ["http-nio-8080"]을(를) 일시 정지 중
16-Apr-2026 15:37:00.703 정보 [Thread-1] org.apache.catalina.core.StandardService.stopInternal 서비스 [Catalina]을(를) 중지시킵니다.
16-Apr-2026 15:37:00.713 정보 [Thread-1] org.apache.coyote.AbstractProtocol.stop 프로토콜 핸들러 ["http-nio-8080"]을(를) 중지시킵니다.
16-Apr-2026 15:37:00.729 정보 [Thread-1] org.apache.coyote.AbstractProtocol.destroy 프로토콜 핸들러 ["http-nio-8080"]을(를) 소멸시킵니다.
16-Apr-2026 15:37:03.230 정보 [main] org.apache.catalina.startup.VersionLoggerListener.log 서버 버전 이름:    Apache Tomcat/10.1.54
16-Apr-2026 15:37:03.245 정보 [main] org.apache.catalina.startup.VersionLoggerListener.log Server 빌드 시각:  Mar 30 2026 22:31:53 UTC
16-Apr-2026 15:37:03.245 정보 [main] org.apache.catalina.startup.VersionLoggerListener.log Server 버전 번호:  10.1.54.0
16-Apr-2026 15:37:03.245 정보 [main] org.apache.catalina.startup.VersionLoggerListener.log 운영체제 이름:     Mac OS X
16-Apr-2026 15:37:03.245 정보 [main] org.apache.catalina.startup.VersionLoggerListener.log 운영체제 버전:     26.3.1
16-Apr-2026 15:37:03.245 정보 [main] org.apache.catalina.startup.VersionLoggerListener.log 아키텍처:          aarch64
16-Apr-2026 15:37:03.245 정보 [main] org.apache.catalina.startup.VersionLoggerListener.log 자바 홈:           /Users/sik2/Library/Java/JavaVirtualMachines/corretto-21.0.8/Contents/Home
16-Apr-2026 15:37:03.245 정보 [main] org.apache.catalina.startup.VersionLoggerListener.log JVM 버전:          21.0.8+9-LTS
16-Apr-2026 15:37:03.245 정보 [main] org.apache.catalina.startup.VersionLoggerListener.log JVM 벤더:          Amazon.com Inc.
16-Apr-2026 15:37:03.246 정보 [main] org.apache.catalina.startup.VersionLoggerListener.log CATALINA_BASE:     /Users/sik2/project/grepp/aibe6/p-14485-1
16-Apr-2026 15:37:03.246 정보 [main] org.apache.catalina.startup.VersionLoggerListener.log CATALINA_HOME:     /Users/sik2/project/grepp/aibe6/tomcat/apache-tomcat-10.1.54
16-Apr-2026 15:37:03.247 정보 [main] org.apache.catalina.startup.VersionLoggerListener.log 명령 행 아규먼트:  --add-opens=java.base/java.lang=ALL-UNNAMED
16-Apr-2026 15:37:03.247 정보 [main] org.apache.catalina.startup.VersionLoggerListener.log 명령 행 아규먼트:  --add-opens=java.base/java.io=ALL-UNNAMED
16-Apr-2026 15:37:03.247 정보 [main] org.apache.catalina.startup.VersionLoggerListener.log 명령 행 아규먼트:  --add-opens=java.base/java.util=ALL-UNNAMED
16-Apr-2026 15:37:03.247 정보 [main] org.apache.catalina.startup.VersionLoggerListener.log 명령 행 아규먼트:  --add-opens=java.base/java.util.concurrent=ALL-UNNAMED
16-Apr-2026 15:37:03.248 정보 [main] org.apache.catalina.startup.VersionLoggerListener.log 명령 행 아규먼트:  --add-opens=java.rmi/sun.rmi.transport=ALL-UNNAMED
16-Apr-2026 15:37:03.248 정보 [main] org.apache.catalina.startup.VersionLoggerListener.log 명령 행 아규먼트:  -Dcatalina.home=/Users/sik2/project/grepp/aibe6/tomcat/apache-tomcat-10.1.54
16-Apr-2026 15:37:03.248 정보 [main] org.apache.catalina.startup.VersionLoggerListener.log 명령 행 아규먼트:  -Dcatalina.base=/Users/sik2/project/grepp/aibe6/p-14485-1
16-Apr-2026 15:37:03.248 정보 [main] org.apache.catalina.startup.VersionLoggerListener.log 명령 행 아규먼트:  -Djava.io.tmpdir=/Users/sik2/project/grepp/aibe6/p-14485-1/temp
16-Apr-2026 15:37:03.248 정보 [main] org.apache.catalina.startup.VersionLoggerListener.log 명령 행 아규먼트:  -Djava.util.logging.config.file=/Users/sik2/project/grepp/aibe6/p-14485-1/conf/logging.properties
16-Apr-2026 15:37:03.248 정보 [main] org.apache.catalina.startup.VersionLoggerListener.log 명령 행 아규먼트:  -Djava.util.logging.manager=org.apache.juli.ClassLoaderLogManager
16-Apr-2026 15:37:03.248 정보 [main] org.apache.catalina.startup.VersionLoggerListener.log 명령 행 아규먼트:  -javaagent:/Applications/IntelliJ IDEA.app/Contents/lib/idea_rt.jar=65261
16-Apr-2026 15:37:03.248 정보 [main] org.apache.catalina.startup.VersionLoggerListener.log 명령 행 아규먼트:  -Dfile.encoding=UTF-8
16-Apr-2026 15:37:03.248 정보 [main] org.apache.catalina.startup.VersionLoggerListener.log 명령 행 아규먼트:  -Dsun.stdout.encoding=UTF-8
16-Apr-2026 15:37:03.248 정보 [main] org.apache.catalina.startup.VersionLoggerListener.log 명령 행 아규먼트:  -Dsun.stderr.encoding=UTF-8
16-Apr-2026 15:37:03.259 정보 [main] org.apache.catalina.core.AprLifecycleListener.lifecycleEvent 프로덕션 환경들에서 최적의 성능을 제공하는, APR 기반 Apache Tomcat Native 라이브러리가, 다음 java.library.path에서 발견되지 않습니다: [/Users/sik2/Library/Java/Extensions:/Library/Java/Extensions:/Network/Library/Java/Extensions:/System/Library/Java/Extensions:/usr/lib/java:.]
16-Apr-2026 15:37:03.576 정보 [main] org.apache.coyote.AbstractProtocol.init 프로토콜 핸들러 ["http-nio-8080"]을(를) 초기화합니다.
16-Apr-2026 15:37:03.589 정보 [main] org.apache.catalina.startup.Catalina.load [542] 밀리초 내에 서버가 초기화되었습니다.
16-Apr-2026 15:37:03.621 정보 [main] org.apache.catalina.core.StandardService.startInternal 서비스 [Catalina]을(를) 시작합니다.
16-Apr-2026 15:37:03.621 정보 [main] org.apache.catalina.core.StandardEngine.startInternal 서버 엔진을 시작합니다: [Apache Tomcat/10.1.54]
16-Apr-2026 15:37:03.626 정보 [main] org.apache.catalina.startup.HostConfig.deployDescriptor 배치 descriptor [/Users/sik2/project/grepp/aibe6/p-14485-1/conf/Catalina/localhost/ROOT.xml]을(를) 배치합니다.
16-Apr-2026 15:37:03.900 정보 [main] org.apache.jasper.servlet.TldScanner.scanJars 적어도 하나의 JAR가 TLD들을 찾기 위해 스캔되었으나 아무 것도 찾지 못했습니다. 스캔했으나 TLD가 없는 JAR들의 전체 목록을 보시려면, 로그 레벨을 디버그 레벨로 설정하십시오. 스캔 과정에서 불필요한 JAR들을 건너뛰면, 시스템 시작 시간과 JSP 컴파일 시간을 단축시킬 수 있습니다.
16-Apr-2026 15:37:03.931 정보 [main] org.apache.catalina.startup.HostConfig.deployDescriptor 배치 descriptor [/Users/sik2/project/grepp/aibe6/p-14485-1/conf/Catalina/localhost/ROOT.xml]의 배치가 [302] 밀리초 내에 완료되었습니다.
16-Apr-2026 15:37:03.934 정보 [main] org.apache.coyote.AbstractProtocol.start 프로토콜 핸들러 ["http-nio-8080"]을(를) 시작합니다.
16-Apr-2026 15:37:03.943 정보 [main] org.apache.catalina.startup.Catalina.start 서버가 [353] 밀리초 내에 시작되었습니다.
16-Apr-2026 15:38:03.968 정보 [Catalina-utility-1] org.apache.catalina.core.StandardContext.reload 이름이 []인 컨텍스트를 다시 로드하는 작업이 시작되었습니다.
16-Apr-2026 15:38:04.032 정보 [Catalina-utility-1] org.apache.jasper.servlet.TldScanner.scanJars 적어도 하나의 JAR가 TLD들을 찾기 위해 스캔되었으나 아무 것도 찾지 못했습니다. 스캔했으나 TLD가 없는 JAR들의 전체 목록을 보시려면, 로그 레벨을 디버그 레벨로 설정하십시오. 스캔 과정에서 불필요한 JAR들을 건너뛰면, 시스템 시작 시간과 JSP 컴파일 시간을 단축시킬 수 있습니다.
16-Apr-2026 15:38:04.034 정보 [Catalina-utility-1] org.apache.catalina.core.StandardContext.reload 이름이 []인 컨텍스트를 다시 로드하는 것을 완료했습니다.
16-Apr-2026 17:49:34.993 정보 [Thread-1] org.apache.coyote.AbstractProtocol.pause 프로토콜 핸들러 ["http-nio-8080"]을(를) 일시 정지 중
16-Apr-2026 17:49:35.006 정보 [Thread-1] org.apache.catalina.core.StandardService.stopInternal 서비스 [Catalina]을(를) 중지시킵니다.
16-Apr-2026 17:49:35.038 정보 [Thread-1] org.apache.coyote.AbstractProtocol.stop 프로토콜 핸들러 ["http-nio-8080"]을(를) 중지시킵니다.
16-Apr-2026 17:49:35.074 정보 [Thread-1] org.apache.coyote.AbstractProtocol.destroy 프로토콜 핸들러 ["http-nio-8080"]을(를) 소멸시킵니다.
